C:/Funix/Part 3/Assignment/IOT303x_asm2_tuongntnFX71549@funix.edu.vn/SDK_1.0.3_NUCLEO-F401RE/shared/Middle/button/button.c:85:1:Button_Init	24	static
C:/Funix/Part 3/Assignment/IOT303x_asm2_tuongntnFX71549@funix.edu.vn/SDK_1.0.3_NUCLEO-F401RE/shared/Middle/button/button.c:107:1:Button_SetMode	16	static
C:/Funix/Part 3/Assignment/IOT303x_asm2_tuongntnFX71549@funix.edu.vn/SDK_1.0.3_NUCLEO-F401RE/shared/Middle/button/button.c:122:1:Button_GetMode	16	static
C:/Funix/Part 3/Assignment/IOT303x_asm2_tuongntnFX71549@funix.edu.vn/SDK_1.0.3_NUCLEO-F401RE/shared/Middle/button/button.c:136:1:Button_RegisterEventCallback	16	static
C:/Funix/Part 3/Assignment/IOT303x_asm2_tuongntnFX71549@funix.edu.vn/SDK_1.0.3_NUCLEO-F401RE/shared/Middle/button/button.c:150:1:Button_GetLogicInputPin	16	static
C:/Funix/Part 3/Assignment/IOT303x_asm2_tuongntnFX71549@funix.edu.vn/SDK_1.0.3_NUCLEO-F401RE/shared/Middle/button/button.c:165:1:ButtonScanTypeEdge	24	static
C:/Funix/Part 3/Assignment/IOT303x_asm2_tuongntnFX71549@funix.edu.vn/SDK_1.0.3_NUCLEO-F401RE/shared/Middle/button/button.c:250:1:ButtonScan	24	static
C:/Funix/Part 3/Assignment/IOT303x_asm2_tuongntnFX71549@funix.edu.vn/SDK_1.0.3_NUCLEO-F401RE/shared/Middle/button/button.c:264:13:BTNGPIO_Init	16	static
