C:/Funix/Part 3/Assignment/IOT303x_asm2_tuongntnFX71549@funix.edu.vn/SDK_1.0.3_NUCLEO-F401RE/shared/Middle/button/eventbutton.c:50:1:EventButton_Init	8	static
C:/Funix/Part 3/Assignment/IOT303x_asm2_tuongntnFX71549@funix.edu.vn/SDK_1.0.3_NUCLEO-F401RE/shared/Middle/button/eventbutton.c:76:1:ButtonProcessEventEdge	24	static
C:/Funix/Part 3/Assignment/IOT303x_asm2_tuongntnFX71549@funix.edu.vn/SDK_1.0.3_NUCLEO-F401RE/shared/Middle/button/eventbutton.c:102:1:ButtonProcessEventPress	24	static
C:/Funix/Part 3/Assignment/IOT303x_asm2_tuongntnFX71549@funix.edu.vn/SDK_1.0.3_NUCLEO-F401RE/shared/Middle/button/eventbutton.c:133:1:ButtonProcessEventHold	24	static
C:/Funix/Part 3/Assignment/IOT303x_asm2_tuongntnFX71549@funix.edu.vn/SDK_1.0.3_NUCLEO-F401RE/shared/Middle/button/eventbutton.c:168:1:ButtonProcessEventRelease	24	static
C:/Funix/Part 3/Assignment/IOT303x_asm2_tuongntnFX71549@funix.edu.vn/SDK_1.0.3_NUCLEO-F401RE/shared/Middle/button/eventbutton.c:203:1:Button_SendPacketRespond	32	static
