C:/Funix/Part 3/Assignment/IOT303x_asm2_tuongntnFX71549@funix.edu.vn/SDK_1.0.3_NUCLEO-F401RE/shared/Middle/flash/flash.c:59:6:FLASH_Init	8	static
C:/Funix/Part 3/Assignment/IOT303x_asm2_tuongntnFX71549@funix.edu.vn/SDK_1.0.3_NUCLEO-F401RE/shared/Middle/flash/flash.c:76:9:FLASH_IsUserDataChange	8	static
C:/Funix/Part 3/Assignment/IOT303x_asm2_tuongntnFX71549@funix.edu.vn/SDK_1.0.3_NUCLEO-F401RE/shared/Middle/flash/flash.c:80:6:FLASH_RamToFlash	8	static
C:/Funix/Part 3/Assignment/IOT303x_asm2_tuongntnFX71549@funix.edu.vn/SDK_1.0.3_NUCLEO-F401RE/shared/Middle/flash/flash.c:87:13:FLASH_GetUserData	4	static
C:/Funix/Part 3/Assignment/IOT303x_asm2_tuongntnFX71549@funix.edu.vn/SDK_1.0.3_NUCLEO-F401RE/shared/Middle/flash/flash.c:91:16:UserData_FindAddress	16	static
C:/Funix/Part 3/Assignment/IOT303x_asm2_tuongntnFX71549@funix.edu.vn/SDK_1.0.3_NUCLEO-F401RE/shared/Middle/flash/flash.c:103:16:UserData_Clear	8	static
C:/Funix/Part 3/Assignment/IOT303x_asm2_tuongntnFX71549@funix.edu.vn/SDK_1.0.3_NUCLEO-F401RE/shared/Middle/flash/flash.c:121:9:UserData_Write	24	static
C:/Funix/Part 3/Assignment/IOT303x_asm2_tuongntnFX71549@funix.edu.vn/SDK_1.0.3_NUCLEO-F401RE/shared/Middle/flash/flash.c:170:13:UserData_Read	24	static
C:/Funix/Part 3/Assignment/IOT303x_asm2_tuongntnFX71549@funix.edu.vn/SDK_1.0.3_NUCLEO-F401RE/shared/Middle/flash/flash.c:181:13:UserData_Erase	8	static
