Archive member included to satisfy reference by file (symbol)

C:/ST/STM32CubeIDE_2.0.0/STM32CubeIDE/plugins/com.st.stm32cube.ide.mcu.externaltools.gnu-tools-for-stm32.13.3.rel1.win32_1.0.100.202509120712/tools/bin/../lib/gcc/arm-none-eabi/13.3.1/../../../../arm-none-eabi/lib/thumb/v7e-m+fp/hard\libc_nano.a(libc_a-exit.o)
                              C:/ST/STM32CubeIDE_2.0.0/STM32CubeIDE/plugins/com.st.stm32cube.ide.mcu.externaltools.gnu-tools-for-stm32.13.3.rel1.win32_1.0.100.202509120712/tools/bin/../lib/gcc/arm-none-eabi/13.3.1/../../../../arm-none-eabi/lib/thumb/v7e-m+fp/hard/crt0.o (exit)
C:/ST/STM32CubeIDE_2.0.0/STM32CubeIDE/plugins/com.st.stm32cube.ide.mcu.externaltools.gnu-tools-for-stm32.13.3.rel1.win32_1.0.100.202509120712/tools/bin/../lib/gcc/arm-none-eabi/13.3.1/../../../../arm-none-eabi/lib/thumb/v7e-m+fp/hard\libc_nano.a(libc_a-nano-vfprintf_float.o)
                              (_printf_float)
C:/ST/STM32CubeIDE_2.0.0/STM32CubeIDE/plugins/com.st.stm32cube.ide.mcu.externaltools.gnu-tools-for-stm32.13.3.rel1.win32_1.0.100.202509120712/tools/bin/../lib/gcc/arm-none-eabi/13.3.1/../../../../arm-none-eabi/lib/thumb/v7e-m+fp/hard\libc_nano.a(libc_a-nano-vfprintf_i.o)
                              C:/ST/STM32CubeIDE_2.0.0/STM32CubeIDE/plugins/com.st.stm32cube.ide.mcu.externaltools.gnu-tools-for-stm32.13.3.rel1.win32_1.0.100.202509120712/tools/bin/../lib/gcc/arm-none-eabi/13.3.1/../../../../arm-none-eabi/lib/thumb/v7e-m+fp/hard\libc_nano.a(libc_a-nano-vfprintf_float.o) (_printf_common)
C:/ST/STM32CubeIDE_2.0.0/STM32CubeIDE/plugins/com.st.stm32cube.ide.mcu.externaltools.gnu-tools-for-stm32.13.3.rel1.win32_1.0.100.202509120712/tools/bin/../lib/gcc/arm-none-eabi/13.3.1/../../../../arm-none-eabi/lib/thumb/v7e-m+fp/hard\libc_nano.a(libc_a-nano-vfscanf_float.o)
                              (_scanf_float)
C:/ST/STM32CubeIDE_2.0.0/STM32CubeIDE/plugins/com.st.stm32cube.ide.mcu.externaltools.gnu-tools-for-stm32.13.3.rel1.win32_1.0.100.202509120712/tools/bin/../lib/gcc/arm-none-eabi/13.3.1/../../../../arm-none-eabi/lib/thumb/v7e-m+fp/hard\libc_nano.a(libc_a-findfp.o)
                              C:/ST/STM32CubeIDE_2.0.0/STM32CubeIDE/plugins/com.st.stm32cube.ide.mcu.externaltools.gnu-tools-for-stm32.13.3.rel1.win32_1.0.100.202509120712/tools/bin/../lib/gcc/arm-none-eabi/13.3.1/../../../../arm-none-eabi/lib/thumb/v7e-m+fp/hard\libc_nano.a(libc_a-exit.o) (__stdio_exit_handler)
C:/ST/STM32CubeIDE_2.0.0/STM32CubeIDE/plugins/com.st.stm32cube.ide.mcu.externaltools.gnu-tools-for-stm32.13.3.rel1.win32_1.0.100.202509120712/tools/bin/../lib/gcc/arm-none-eabi/13.3.1/../../../../arm-none-eabi/lib/thumb/v7e-m+fp/hard\libc_nano.a(libc_a-fwalk.o)
                              C:/ST/STM32CubeIDE_2.0.0/STM32CubeIDE/plugins/com.st.stm32cube.ide.mcu.externaltools.gnu-tools-for-stm32.13.3.rel1.win32_1.0.100.202509120712/tools/bin/../lib/gcc/arm-none-eabi/13.3.1/../../../../arm-none-eabi/lib/thumb/v7e-m+fp/hard\libc_nano.a(libc_a-findfp.o) (_fwalk_sglue)
C:/ST/STM32CubeIDE_2.0.0/STM32CubeIDE/plugins/com.st.stm32cube.ide.mcu.externaltools.gnu-tools-for-stm32.13.3.rel1.win32_1.0.100.202509120712/tools/bin/../lib/gcc/arm-none-eabi/13.3.1/../../../../arm-none-eabi/lib/thumb/v7e-m+fp/hard\libc_nano.a(libc_a-snprintf.o)
                              ./Src/main.o (snprintf)
C:/ST/STM32CubeIDE_2.0.0/STM32CubeIDE/plugins/com.st.stm32cube.ide.mcu.externaltools.gnu-tools-for-stm32.13.3.rel1.win32_1.0.100.202509120712/tools/bin/../lib/gcc/arm-none-eabi/13.3.1/../../../../arm-none-eabi/lib/thumb/v7e-m+fp/hard\libc_nano.a(libc_a-sprintf.o)
                              C:/ST/STM32CubeIDE_2.0.0/STM32CubeIDE/plugins/com.st.stm32cube.ide.mcu.externaltools.gnu-tools-for-stm32.13.3.rel1.win32_1.0.100.202509120712/tools/bin/../lib/gcc/arm-none-eabi/13.3.1/../../../../arm-none-eabi/lib/thumb/v7e-m+fp/hard\libc_nano.a(libc_a-nano-vfscanf_float.o) (sprintf)
C:/ST/STM32CubeIDE_2.0.0/STM32CubeIDE/plugins/com.st.stm32cube.ide.mcu.externaltools.gnu-tools-for-stm32.13.3.rel1.win32_1.0.100.202509120712/tools/bin/../lib/gcc/arm-none-eabi/13.3.1/../../../../arm-none-eabi/lib/thumb/v7e-m+fp/hard\libc_nano.a(libc_a-stdio.o)
                              C:/ST/STM32CubeIDE_2.0.0/STM32CubeIDE/plugins/com.st.stm32cube.ide.mcu.externaltools.gnu-tools-for-stm32.13.3.rel1.win32_1.0.100.202509120712/tools/bin/../lib/gcc/arm-none-eabi/13.3.1/../../../../arm-none-eabi/lib/thumb/v7e-m+fp/hard\libc_nano.a(libc_a-findfp.o) (__sread)
C:/ST/STM32CubeIDE_2.0.0/STM32CubeIDE/plugins/com.st.stm32cube.ide.mcu.externaltools.gnu-tools-for-stm32.13.3.rel1.win32_1.0.100.202509120712/tools/bin/../lib/gcc/arm-none-eabi/13.3.1/../../../../arm-none-eabi/lib/thumb/v7e-m+fp/hard\libc_nano.a(libc_a-memcmp.o)
                              ./SDK_1.0.3_NUCLEO-F401RE/shared/Middle/flash/flash.o (memcmp)
[...]
Memory Configuration

Name             Origin             Length             Attributes
RAM              0x20000000         0x00018000         xrw
FLASH            0x08000000         0x00080000         xr
*default*        0x00000000         0xffffffff

Linker script and memory map

LOAD C:/ST/STM32CubeIDE_2.0.0/STM32CubeIDE/plugins/com.st.stm32cube.ide.mcu.externaltools.gnu-tools-for-stm32.13.3.rel1.win32_1.0.100.202509120712/tools/bin/../lib/gcc/arm-none-eabi/13.3.1/thumb/v7e-m+fp/hard/crti.o
LOAD C:/ST/STM32CubeIDE_2.0.0/STM32CubeIDE/plugins/com.st.stm32cube.ide.mcu.externaltools.gnu-tools-for-stm32.13.3.rel1.win32_1.0.100.202509120712/tools/bin/../lib/gcc/arm-none-eabi/13.3.1/thumb/v7e-m+fp/hard/crtbegin.o
LOAD C:/ST/STM32CubeIDE_2.0.0/STM32CubeIDE/plugins/com.st.stm32cube.ide.mcu.externaltools.gnu-tools-for-stm32.13.3.rel1.win32_1.0.100.202509120712/tools/bin/../lib/gcc/arm-none-eabi/13.3.1/../../../../arm-none-eabi/lib/thumb/v7e-m+fp/hard/crt0.o
LOAD ./Kalman_filter/kalman_filter.o
LOAD ./SDK_1.0.3_NUCLEO-F401RE/shared/Drivers/CMSIS/Source/system_stm32f4xx.o
LOAD ./SDK_1.0.3_NUCLEO-F401RE/shared/Drivers/STM32F401RE_StdPeriph_Driver/src/misc.o
LOAD ./SDK_1.0.3_NUCLEO-F401RE/shared/Drivers/STM32F401RE_StdPeriph_Driver/src/stm32f401re_adc.o
LOAD ./SDK_1.0.3_NUCLEO-F401RE/shared/Drivers/STM32F401RE_StdPeriph_Driver/src/stm32f401re_dma.o
LOAD ./SDK_1.0.3_NUCLEO-F401RE/shared/Drivers/STM32F401RE_StdPeriph_Driver/src/stm32f401re_exti.o
LOAD ./SDK_1.0.3_NUCLEO-F401RE/shared/Drivers/STM32F401RE_StdPeriph_Driver/src/stm32f401re_gpio.o
LOAD ./SDK_1.0.3_NUCLEO-F401RE/shared/Drivers/STM32F401RE_StdPeriph_Driver/src/stm32f401re_i2c.o
LOAD ./SDK_1.0.3_NUCLEO-F401RE/shared/Drivers/STM32F401RE_StdPeriph_Driver/src/stm32f401re_rcc.o
LOAD ./SDK_1.0.3_NUCLEO-F401RE/shared/Drivers/STM32F401RE_StdPeriph_Driver/src/stm32f401re_spi.o
LOAD ./SDK_1.0.3_NUCLEO-F401RE/shared/Drivers/STM32F401RE_StdPeriph_Driver/src/stm32f401re_syscfg.o
LOAD ./SDK_1.0.3_NUCLEO-F401RE/shared/Drivers/STM32F401RE_StdPeriph_Driver/src/stm32f401re_tim.o
LOAD ./SDK_1.0.3_NUCLEO-F401RE/shared/Drivers/STM32F401RE_StdPeriph_Driver/src/stm32f401re_usart.o
LOAD ./SDK_1.0.3_NUCLEO-F401RE/shared/Drivers/STM32F401RE_StdPeriph_Driver/src/stm32f4xx_flash.o
LOAD ./SDK_1.0.3_NUCLEO-F401RE/shared/Middle/button/button.o
LOAD ./SDK_1.0.3_NUCLEO-F401RE/shared/Middle/button/eventbutton.o
LOAD ./SDK_1.0.3_NUCLEO-F401RE/shared/Middle/buzzer/buzzer.o
LOAD ./SDK_1.0.3_NUCLEO-F401RE/shared/Middle/buzzer/melody.o
LOAD ./SDK_1.0.3_NUCLEO-F401RE/shared/Middle/flash/flash.o
LOAD ./SDK_1.0.3_NUCLEO-F401RE/shared/Middle/led/led.o
LOAD ./SDK_1.0.3_NUCLEO-F401RE/shared/Middle/rtos/eventman.o
LOAD ./SDK_1.0.3_NUCLEO-F401RE/shared/Middle/rtos/timer.o
LOAD ./SDK_1.0.3_NUCLEO-F401RE/shared/Middle/sensor/lightsensor.o
LOAD ./SDK_1.0.3_NUCLEO-F401RE/shared/Middle/sensor/temhumsensor.o
LOAD ./SDK_1.0.3_NUCLEO-F401RE/shared/Middle/serial/serial.o
LOAD ./SDK_1.0.3_NUCLEO-F401RE/shared/Middle/serial/uartcmd.o
LOAD ./SDK_1.0.3_NUCLEO-F401RE/shared/Middle/ucglib/Ucglib.o
LOAD ./SDK_1.0.3_NUCLEO-F401RE/shared/Middle/ucglib/ucg_bitmap.o
LOAD ./SDK_1.0.3_NUCLEO-F401RE/shared/Middle/ucglib/ucg_box.o
LOAD ./SDK_1.0.3_NUCLEO-F401RE/shared/Middle/ucglib/ucg_ccs.o
LOAD ./SDK_1.0.3_NUCLEO-F401RE/shared/Middle/ucglib/ucg_circle.o
LOAD ./SDK_1.0.3_NUCLEO-F401RE/shared/Middle/ucglib/ucg_clip.o
LOAD ./SDK_1.0.3_NUCLEO-F401RE/shared/Middle/ucglib/ucg_com_msg_api.o
LOAD ./SDK_1.0.3_NUCLEO-F401RE/shared/Middle/ucglib/ucg_dev_default_cb.o
LOAD ./SDK_1.0.3_NUCLEO-F401RE/shared/Middle/ucglib/ucg_dev_ic_st7735.o
LOAD ./SDK_1.0.3_NUCLEO-F401RE/shared/Middle/ucglib/ucg_dev_msg_api.o
LOAD ./SDK_1.0.3_NUCLEO-F401RE/shared/Middle/ucglib/ucg_dev_tft_128x128_st7735.o
LOAD ./SDK_1.0.3_NUCLEO-F401RE/shared/Middle/ucglib/ucg_font.o
LOAD ./SDK_1.0.3_NUCLEO-F401RE/shared/Middle/ucglib/ucg_init.o
LOAD ./SDK_1.0.3_NUCLEO-F401RE/shared/Middle/ucglib/ucg_line.o
LOAD ./SDK_1.0.3_NUCLEO-F401RE/shared/Middle/ucglib/ucg_pixel.o
LOAD ./SDK_1.0.3_NUCLEO-F401RE/shared/Middle/ucglib/ucg_pixel_font_data.o
LOAD ./SDK_1.0.3_NUCLEO-F401RE/shared/Middle/ucglib/ucg_polygon.o
LOAD ./SDK_1.0.3_NUCLEO-F401RE/shared/Middle/ucglib/ucg_rotate.o
LOAD ./SDK_1.0.3_NUCLEO-F401RE/shared/Middle/ucglib/ucg_scale.o
LOAD ./SDK_1.0.3_NUCLEO-F401RE/shared/Middle/ucglib/ucg_vector_font_data.o
LOAD ./SDK_1.0.3_NUCLEO-F401RE/shared/Utilities/buff.o
LOAD ./SDK_1.0.3_NUCLEO-F401RE/shared/Utilities/utilities.o
LOAD ./Src/main.o
LOAD ./Src/syscalls.o
LOAD ./Src/sysmem.o
LOAD ./Startup/startup_stm32f401retx.o
LOAD C:\Funix\Part 3\Assignment\IOT303x_asm2_tuongntnFX71549@funix.edu.vn\SDK_1.0.3_NUCLEO-F401RE\lib_stm\libLibraries.a
START GROUP
LOAD C:/ST/STM32CubeIDE_2.0.0/STM32CubeIDE/plugins/com.st.stm32cube.ide.mcu.externaltools.gnu-tools-for-stm32.13.3.rel1.win32_1.0.100.202509120712/tools/bin/../lib/gcc/arm-none-eabi/13.3.1/../../../../arm-none-eabi/lib/thumb/v7e-m+fp/hard\libc_nano.a
LOAD C:/ST/STM32CubeIDE_2.0.0/STM32CubeIDE/plugins/com.st.stm32cube.ide.mcu.externaltools.gnu-tools-for-stm32.13.3.rel1.win32_1.0.100.202509120712/tools/bin/../lib/gcc/arm-none-eabi/13.3.1/../../../../arm-none-eabi/lib/thumb/v7e-m+fp/hard\libm.a
END GROUP
START GROUP
LOAD C:/ST/STM32CubeIDE_2.0.0/STM32CubeIDE/plugins/com.st.stm32cube.ide.mcu.externaltools.gnu-tools-for-stm32.13.3.rel1.win32_1.0.100.202509120712/tools/bin/../lib/gcc/arm-none-eabi/13.3.1/thumb/v7e-m+fp/hard\libgcc.a
LOAD C:/ST/STM32CubeIDE_2.0.0/STM32CubeIDE/plugins/com.st.stm32cube.ide.mcu.externaltools.gnu-tools-for-stm32.13.3.rel1.win32_1.0.100.202509120712/tools/bin/../lib/gcc/arm-none-eabi/13.3.1/../../../../arm-none-eabi/lib/thumb/v7e-m+fp/hard\libc_nano.a
END GROUP
START GROUP
LOAD C:/ST/STM32CubeIDE_2.0.0/STM32CubeIDE/plugins/com.st.stm32cube.ide.mcu.externaltools.gnu-tools-for-stm32.13.3.rel1.win32_1.0.100.202509120712/tools/bin/../lib/gcc/arm-none-eabi/13.3.1/thumb/v7e-m+fp/hard\libgcc.a
LOAD C:/ST/STM32CubeIDE_2.0.0/STM32CubeIDE/plugins/com.st.stm32cube.ide.mcu.externaltools.gnu-tools-for-stm32.13.3.rel1.win32_1.0.100.202509120712/tools/bin/../lib/gcc/arm-none-eabi/13.3.1/../../../../arm-none-eabi/lib/thumb/v7e-m+fp/hard\libc_nano.a
LOAD C:/ST/STM32CubeIDE_2.0.0/STM32CubeIDE/plugins/com.st.stm32cube.ide.mcu.externaltools.gnu-tools-for-stm32.13.3.rel1.win32_1.0.100.202509120712/tools/bin/../lib/gcc/arm-none-eabi/13.3.1/../../../../arm-none-eabi/lib/thumb/v7e-m+fp/hard\libnosys.a
END GROUP
START GROUP
LOAD C:/ST/STM32CubeIDE_2.0.0/STM32CubeIDE/plugins/com.st.stm32cube.ide.mcu.externaltools.gnu-tools-for-stm32.13.3.rel1.win32_1.0.100.202509120712/tools/bin/../lib/gcc/arm-none-eabi/13.3.1/thumb/v7e-m+fp/hard\libgcc.a
LOAD C:/ST/STM32CubeIDE_2.0.0/STM32CubeIDE/plugins/com.st.stm32cube.ide.mcu.externaltools.gnu-tools-for-stm32.13.3.rel1.win32_1.0.100.202509120712/tools/bin/../lib/gcc/arm-none-eabi/13.3.1/../../../../arm-none-eabi/lib/thumb/v7e-m+fp/hard\libc_nano.a
LOAD C:/ST/STM32CubeIDE_2.0.0/STM32CubeIDE/plugins/com.st.stm32cube.ide.mcu.externaltools.gnu-tools-for-stm32.13.3.rel1.win32_1.0.100.202509120712/tools/bin/../lib/gcc/arm-none-eabi/13.3.1/../../../../arm-none-eabi/lib/thumb/v7e-m+fp/hard\libnosys.a
END GROUP
LOAD C:/ST/STM32CubeIDE_2.0.0/STM32CubeIDE/plugins/com.st.stm32cube.ide.mcu.externaltools.gnu-tools-for-stm32.13.3.rel1.win32_1.0.100.202509120712/tools/bin/../lib/gcc/arm-none-eabi/13.3.1/thumb/v7e-m+fp/hard/crtend.o
LOAD C:/ST/STM32CubeIDE_2.0.0/STM32CubeIDE/plugins/com.st.stm32cube.ide.mcu.externaltools.gnu-tools-for-stm32.13.3.rel1.win32_1.0.100.202509120712/tools/bin/../lib/gcc/arm-none-eabi/13.3.1/thumb/v7e-m+fp/hard/crtn.o
                0x20018000                        _estack = (ORIGIN (RAM) + LENGTH (RAM))
                0x00000200                        _Min_Heap_Size = 0x200
                0x00000400                        _Min_Stack_Size = 0x400

.isr_vector     0x08000000      0x194
                0x08000000                        . = ALIGN (0x4)
 *(.isr_vector)
 .isr_vector    0x08000000      0x194 ./Startup/startup_stm32f401retx.o
                0x08000000                g_pfnVectors
                0x08000194                        . = ALIGN (0x4)

.text           0x080001a0     0x8ffc
                0x080001a0                        . = ALIGN (0x4)
 *(.text)
 .text          0x080001a0       0x40 C:/ST/STM32CubeIDE_2.0.0/STM32CubeIDE/plugins/com.st.stm32cube.ide.mcu.externaltools.gnu-tools-for-stm32.13.3.rel1.win32_1.0.100.202509120712/tools/bin/../lib/gcc/arm-none-eabi/13.3.1/thumb/v7e-m+fp/hard/crtbegin.o
 .text          0x080001e0       0xa0 C:/ST/STM32CubeIDE_2.0.0/STM32CubeIDE/plugins/com.st.stm32cube.ide.mcu.externaltools.gnu-tools-for-stm32.13.3.rel1.win32_1.0.100.202509120712/tools/bin/../lib/gcc/arm-none-eabi/13.3.1/../../../../arm-none-eabi/lib/thumb/v7e-m+fp/hard\libc_nano.a(libc_a-memchr.o)
                0x080001e0                memchr
 .text          0x08000280       0x10 C:/ST/STM32CubeIDE_2.0.0/STM32CubeIDE/plugins/com.st.stm32cube.ide.mcu.externaltools.gnu-tools-for-stm32.13.3.rel1.win32_1.0.100.202509120712/tools/bin/../lib/gcc/arm-none-eabi/13.3.1/../../../../arm-none-eabi/lib/thumb/v7e-m+fp/hard\libc_nano.a(libc_a-strlen.o)
                0x08000280                strlen
 .text          0x08000290      0x378 C:/ST/STM32CubeIDE_2.0.0/STM32CubeIDE/plugins/com.st.stm32cube.ide.mcu.externaltools.gnu-tools-for-stm32.13.3.rel1.win32_1.0.100.202509120712/tools/bin/../lib/gcc/arm-none-eabi/13.3.1/thumb/v7e-m+fp/hard\libgcc.a(_arm_addsubdf3.o)
                0x08000290                __aeabi_drsub
                0x08000298                __aeabi_dsub
                0x08000298                __subdf3
                0x0800029c                __aeabi_dadd
                0x0800029c                __adddf3
                0x08000514                __floatunsidf
                0x08000514                __aeabi_ui2d
                0x08000534                __floatsidf
                0x08000534                __aeabi_i2d
                0x08000558                __aeabi_f2d
                0x08000558                __extendsfdf2
                0x0800059c                __floatundidf
                0x0800059c                __aeabi_ul2d
                0x080005ac                __floatdidf
                0x080005ac                __aeabi_l2d
 .text          0x08000608      0x424 C:/ST/STM32CubeIDE_2.0.0/STM32CubeIDE/plugins/com.st.stm32cube.ide.mcu.externaltools.gnu-tools-for-stm32.13.3.rel1.win32_1.0.100.202509120712/tools/bin/../lib/gcc/arm-none-eabi/13.3.1/thumb/v7e-m+fp/hard\libgcc.a(_arm_muldivdf3.o)
                0x08000608                __aeabi_dmul
                0x08000608                __muldf3
                0x0800085c                __divdf3
                0x0800085c                __aeabi_ddiv
 .text          0x08000a2c      0x110 C:/ST/STM32CubeIDE_2.0.0/STM32CubeIDE/plugins/com.st.stm32cube.ide.mcu.externaltools.gnu-tools-for-stm32.13.3.rel1.win32_1.0.100.202509120712/tools/bin/../lib/gcc/arm-none-eabi/13.3.1/thumb/v7e-m+fp/hard\libgcc.a(_arm_cmpdf2.o)
                0x08000a2c                __gtdf2
                0x08000a2c                __gedf2
                0x08000a34                __ltdf2
                0x08000a34                __ledf2
                0x08000a3c                __nedf2
                0x08000a3c                __eqdf2
                0x08000a3c                __cmpdf2
                0x08000ab8                __aeabi_cdrcmple
                0x08000ac8                __aeabi_cdcmpeq
                0x08000ac8                __aeabi_cdcmple
                0x08000ad8                __aeabi_dcmpeq
                0x08000aec                __aeabi_dcmplt
                0x08000b00                __aeabi_dcmple
                0x08000b14                __aeabi_dcmpge
                0x08000b28                __aeabi_dcmpgt
 .text          0x08000b3c       0x2c C:/ST/STM32CubeIDE_2.0.0/STM32CubeIDE/plugins/com.st.stm32cube.ide.mcu.externaltools.gnu-tools-for-stm32.13.3.rel1.win32_1.0.100.202509120712/tools/bin/../lib/gcc/arm-none-eabi/13.3.1/thumb/v7e-m+fp/hard\libgcc.a(_arm_unorddf2.o)
                0x08000b3c                __unorddf2
                0x08000b3c                __aeabi_dcmpun
 .text          0x08000b68       0x50 C:/ST/STM32CubeIDE_2.0.0/STM32CubeIDE/plugins/com.st.stm32cube.ide.mcu.externaltools.gnu-tools-for-stm32.13.3.rel1.win32_1.0.100.202509120712/tools/bin/../lib/gcc/arm-none-eabi/13.3.1/thumb/v7e-m+fp/hard\libgcc.a(_arm_fixdfsi.o)
                0x08000b68                __aeabi_d2iz
                0x08000b68                __fixdfsi
 .text          0x08000bb8       0x40 C:/ST/STM32CubeIDE_2.0.0/STM32CubeIDE/plugins/com.st.stm32cube.ide.mcu.externaltools.gnu-tools-for-stm32.13.3.rel1.win32_1.0.100.202509120712/tools/bin/../lib/gcc/arm-none-eabi/13.3.1/thumb/v7e-m+fp/hard\libgcc.a(_arm_fixunsdfsi.o)
                0x08000bb8                __aeabi_d2uiz
                0x08000bb8                __fixunsdfsi
 .text          0x08000bf8       0xa0 C:/ST/STM32CubeIDE_2.0.0/STM32CubeIDE/plugins/com.st.stm32cube.ide.mcu.externaltools.gnu-tools-for-stm32.13.3.rel1.win32_1.0.100.202509120712/tools/bin/../lib/gcc/arm-none-eabi/13.3.1/thumb/v7e-m+fp/hard\libgcc.a(_arm_truncdfsf2.o)
                0x08000bf8                __truncdfsf2
                0x08000bf8                __aeabi_d2f
 .text          0x08000c98       0x30 C:/ST/STM32CubeIDE_2.0.0/STM32CubeIDE/plugins/com.st.stm32cube.ide.mcu.externaltools.gnu-tools-for-stm32.13.3.rel1.win32_1.0.100.202509120712/tools/bin/../lib/gcc/arm-none-eabi/13.3.1/thumb/v7e-m+fp/hard\libgcc.a(_fixdfdi.o)
                0x08000c98                __fixdfdi
                0x08000c98                __aeabi_d2lz
 .text          0x08000cc8       0x3c C:/ST/STM32CubeIDE_2.0.0/STM32CubeIDE/plugins/com.st.stm32cube.ide.mcu.externaltools.gnu-tools-for-stm32.13.3.rel1.win32_1.0.100.202509120712/tools/bin/../lib/gcc/arm-none-eabi/13.3.1/thumb/v7e-m+fp/hard\libgcc.a(_fixunsdfdi.o)
                0x08000cc8                __fixunsdfdi
                0x08000cc8                __aeabi_d2ulz
 *(.text*)
 .text.KalmanFilterInit
                0x08000d04       0x3c ./Kalman_filter/kalman_filter.o
                0x08000d04                KalmanFilterInit
 .text.SystemInit
                0x08000d40       0x6c ./SDK_1.0.3_NUCLEO-F401RE/shared/Drivers/CMSIS/Source/system_stm32f4xx.o
                0x08000d40                SystemInit
 .text.SystemCoreClockUpdate
                0x08000dac      0x104 ./SDK_1.0.3_NUCLEO-F401RE/shared/Drivers/CMSIS/Source/system_stm32f4xx.o
                0x08000dac                SystemCoreClockUpdate
 .text.SetSysClock
                0x08000eb0       0xa4 ./SDK_1.0.3_NUCLEO-F401RE/shared/Drivers/CMSIS/Source/system_stm32f4xx.o
 .text.GPIO_Init
                0x08000f54      0x11e ./SDK_1.0.3_NUCLEO-F401RE/shared/Drivers/STM32F401RE_StdPeriph_Driver/src/stm32f401re_gpio.o
                0x08000f54                GPIO_Init
 .text.GPIO_WriteBit
                0x08001072       0x30 ./SDK_1.0.3_NUCLEO-F401RE/shared/Drivers/STM32F401RE_StdPeriph_Driver/src/stm32f401re_gpio.o
                0x08001072                GPIO_WriteBit
 .text.GPIO_PinAFConfig
                0x080010a2       0x92 ./SDK_1.0.3_NUCLEO-F401RE/shared/Drivers/STM32F401RE_StdPeriph_Driver/src/stm32f401re_gpio.o
                0x080010a2                GPIO_PinAFConfig
 .text.I2C_Init
                0x08001134      0x184 ./SDK_1.0.3_NUCLEO-F401RE/shared/Drivers/STM32F401RE_StdPeriph_Driver/src/stm32f401re_i2c.o
                0x08001134                I2C_Init
 .text.I2C_Cmd  0x080012b8       0x40 ./SDK_1.0.3_NUCLEO-F401RE/shared/Drivers/STM32F401RE_StdPeriph_Driver/src/stm32f401re_i2c.o
                0x080012b8                I2C_Cmd
 .text.I2C_GenerateSTART
                0x080012f8       0x40 ./SDK_1.0.3_NUCLEO-F401RE/shared/Drivers/STM32F401RE_StdPeriph_Driver/src/stm32f401re_i2c.o
                0x080012f8                I2C_GenerateSTART
 .text.I2C_GenerateSTOP
                0x08001338       0x40 ./SDK_1.0.3_NUCLEO-F401RE/shared/Drivers/STM32F401RE_StdPeriph_Driver/src/stm32f401re_i2c.o
                0x08001338                I2C_GenerateSTOP
 .text.I2C_Send7bitAddress
                0x08001378       0x3c ./SDK_1.0.3_NUCLEO-F401RE/shared/Drivers/STM32F401RE_StdPeriph_Driver/src/stm32f401re_i2c.o
                0x08001378                I2C_Send7bitAddress
 .text.I2C_AcknowledgeConfig
                0x080013b4       0x40 ./SDK_1.0.3_NUCLEO-F401RE/shared/Drivers/STM32F401RE_StdPeriph_Driver/src/stm32f401re_i2c.o
                0x080013b4                I2C_AcknowledgeConfig
 .text.I2C_SendData
                0x080013f4       0x20 ./SDK_1.0.3_NUCLEO-F401RE/shared/Drivers/STM32F401RE_StdPeriph_Driver/src/stm32f401re_i2c.o
                0x080013f4                I2C_SendData
 .text.I2C_ReceiveData
                0x08001414       0x1c ./SDK_1.0.3_NUCLEO-F401RE/shared/Drivers/STM32F401RE_StdPeriph_Driver/src/stm32f401re_i2c.o
                0x08001414                I2C_ReceiveData
 .text.I2C_CheckEvent
                0x08001430       0x60 ./SDK_1.0.3_NUCLEO-F401RE/shared/Drivers/STM32F401RE_StdPeriph_Driver/src/stm32f401re_i2c.o
                0x08001430                I2C_CheckEvent
 .text.I2C_GetFlagStatus
                0x08001490       0x66 ./SDK_1.0.3_NUCLEO-F401RE/shared/Drivers/STM32F401RE_StdPeriph_Driver/src/stm32f401re_i2c.o
                0x08001490                I2C_GetFlagStatus
 *fill*         0x080014f6        0x2 
 .text.RCC_GetClocksFreq
                0x080014f8      0x15c ./SDK_1.0.3_NUCLEO-F401RE/shared/Drivers/STM32F401RE_StdPeriph_Driver/src/stm32f401re_rcc.o
                0x080014f8                RCC_GetClocksFreq
 .text.RCC_AHB1PeriphClockCmd
                0x08001654       0x40 ./SDK_1.0.3_NUCLEO-F401RE/shared/Drivers/STM32F401RE_StdPeriph_Driver/src/stm32f401re_rcc.o
                0x08001654                RCC_AHB1PeriphClockCmd
 .text.RCC_APB1PeriphClockCmd
                0x08001694       0x40 ./SDK_1.0.3_NUCLEO-F401RE/shared/Drivers/STM32F401RE_StdPeriph_Driver/src/stm32f401re_rcc.o
                0x08001694                RCC_APB1PeriphClockCmd
 .text.USART_ReceiveData
                0x080016d4       0x20 ./SDK_1.0.3_NUCLEO-F401RE/shared/Drivers/STM32F401RE_StdPeriph_Driver/src/stm32f401re_usart.o
                0x080016d4                USART_ReceiveData
 .text.USART_GetITStatus
                0x080016f4       0xb6 ./SDK_1.0.3_NUCLEO-F401RE/shared/Drivers/STM32F401RE_StdPeriph_Driver/src/stm32f401re_usart.o
                0x080016f4                USART_GetITStatus
 .text.USART_ClearITPendingBit
                0x080017aa       0x3a ./SDK_1.0.3_NUCLEO-F401RE/shared/Drivers/STM32F401RE_StdPeriph_Driver/src/stm32f401re_usart.o
                0x080017aa                USART_ClearITPendingBit
 .text.NVIC_SetPriority
                0x080017e4       0x54 ./SDK_1.0.3_NUCLEO-F401RE/shared/Middle/rtos/timer.o
 .text.SysTick_Config
                0x08001838       0x44 ./SDK_1.0.3_NUCLEO-F401RE/shared/Middle/rtos/timer.o
 .text.TimerInit
                0x0800187c       0x44 ./SDK_1.0.3_NUCLEO-F401RE/shared/Middle/rtos/timer.o
                0x0800187c                TimerInit
 .text.TimerStart
                0x080018c0       0xc4 ./SDK_1.0.3_NUCLEO-F401RE/shared/Middle/rtos/timer.o
                0x080018c0                TimerStart
 .text.TimerStop
                0x08001984       0xa0 ./SDK_1.0.3_NUCLEO-F401RE/shared/Middle/rtos/timer.o
                0x08001984                TimerStop
 .text.GetMilSecTick
                0x08001a24       0x18 ./SDK_1.0.3_NUCLEO-F401RE/shared/Middle/rtos/timer.o
                0x08001a24                GetMilSecTick
 .text.processTimerScheduler
                0x08001a3c       0xf4 ./SDK_1.0.3_NUCLEO-F401RE/shared/Middle/rtos/timer.o
                0x08001a3c                processTimerScheduler
 .text.TimeExpired
                0x08001b30       0xd4 ./SDK_1.0.3_NUCLEO-F401RE/shared/Middle/rtos/timer.o
 .text.SysTick_Handler
                0x08001c04       0x1c ./SDK_1.0.3_NUCLEO-F401RE/shared/Middle/rtos/timer.o
                0x08001c04                SysTick_Handler
 .text.USART2_IRQHandler
                0x08001c20       0x54 ./SDK_1.0.3_NUCLEO-F401RE/shared/Middle/serial/serial.o
                0x08001c20                USART2_IRQHandler
 .text.delayMicroseconds
                0x08001c74       0x14 ./SDK_1.0.3_NUCLEO-F401RE/shared/Middle/ucglib/Ucglib.o
 .text.ucg_gpio_init
                0x08001c88       0x60 ./SDK_1.0.3_NUCLEO-F401RE/shared/Middle/ucglib/Ucglib.o
 .text.ucg_com_arduino_send_generic_SW_SPI
                0x08001ce8       0x74 ./SDK_1.0.3_NUCLEO-F401RE/shared/Middle/ucglib/Ucglib.o
 .text.ucg_com_arduino_generic_SW_SPI
                0x08001d5c      0x1ec ./SDK_1.0.3_NUCLEO-F401RE/shared/Middle/ucglib/Ucglib.o
 .text.Ucglib4WireSWSPI_begin
                0x08001f48       0x38 ./SDK_1.0.3_NUCLEO-F401RE/shared/Middle/ucglib/Ucglib.o
                0x08001f48                Ucglib4WireSWSPI_begin
 .text.ucg_DrawBox
                0x08001f80       0x58 ./SDK_1.0.3_NUCLEO-F401RE/shared/Middle/ucglib/ucg_box.o
                0x08001f80                ucg_DrawBox
 .text.ucg_ClearScreen
                0x08001fd8       0x50 ./SDK_1.0.3_NUCLEO-F401RE/shared/Middle/ucglib/ucg_box.o
                0x08001fd8                ucg_ClearScreen
 .text.ucg_ccs_init
                0x08002028       0xc0 ./SDK_1.0.3_NUCLEO-F401RE/shared/Middle/ucglib/ucg_ccs.o
                0x08002028                ucg_ccs_init
 .text.ucg_ccs_step
                0x080020e8       0x80 ./SDK_1.0.3_NUCLEO-F401RE/shared/Middle/ucglib/ucg_ccs.o
                0x080020e8                ucg_ccs_step
 .text.ucg_ccs_seek
                0x08002168       0xca ./SDK_1.0.3_NUCLEO-F401RE/shared/Middle/ucglib/ucg_ccs.o
                0x08002168                ucg_ccs_seek
 .text.ucg_clip_is_x_visible
                0x08002232       0x4a ./SDK_1.0.3_NUCLEO-F401RE/shared/Middle/ucglib/ucg_clip.o
 .text.ucg_clip_is_y_visible
                0x0800227c       0x4a ./SDK_1.0.3_NUCLEO-F401RE/shared/Middle/ucglib/ucg_clip.o
 .text.ucg_clip_intersection
                0x080022c6       0x74 ./SDK_1.0.3_NUCLEO-F401RE/shared/Middle/ucglib/ucg_clip.o
 .text.ucg_clip_is_pixel_visible
                0x0800233a       0x32 ./SDK_1.0.3_NUCLEO-F401RE/shared/Middle/ucglib/ucg_clip.o
                0x0800233a                ucg_clip_is_pixel_visible
 .text.ucg_clip_l90fx
                0x0800236c      0x300 ./SDK_1.0.3_NUCLEO-F401RE/shared/Middle/ucglib/ucg_clip.o
                0x0800236c                ucg_clip_l90fx
 .text.ucg_clip_l90se
                0x0800266c       0x54 ./SDK_1.0.3_NUCLEO-F401RE/shared/Middle/ucglib/ucg_clip.o
                0x0800266c                ucg_clip_l90se
 .text.ucg_com_PowerDown
                0x080026c0       0x3e ./SDK_1.0.3_NUCLEO-F401RE/shared/Middle/ucglib/ucg_com_msg_api.o
                0x080026c0                ucg_com_PowerDown
 .text.ucg_com_PowerUp
                0x080026fe       0x60 ./SDK_1.0.3_NUCLEO-F401RE/shared/Middle/ucglib/ucg_com_msg_api.o
                0x080026fe                ucg_com_PowerUp
 .text.ucg_com_SetLineStatus
                0x0800275e       0xe2 ./SDK_1.0.3_NUCLEO-F401RE/shared/Middle/ucglib/ucg_com_msg_api.o
                0x0800275e                ucg_com_SetLineStatus
 .text.ucg_com_SetResetLineStatus
                0x08002840       0x20 ./SDK_1.0.3_NUCLEO-F401RE/shared/Middle/ucglib/ucg_com_msg_api.o
                0x08002840                ucg_com_SetResetLineStatus
 .text.ucg_com_SetCSLineStatus
                0x08002860       0x20 ./SDK_1.0.3_NUCLEO-F401RE/shared/Middle/ucglib/ucg_com_msg_api.o
                0x08002860                ucg_com_SetCSLineStatus
 .text.ucg_com_SetCDLineStatus
                0x08002880       0x20 ./SDK_1.0.3_NUCLEO-F401RE/shared/Middle/ucglib/ucg_com_msg_api.o
                0x08002880                ucg_com_SetCDLineStatus
 .text.ucg_com_DelayMicroseconds
                0x080028a0       0x22 ./SDK_1.0.3_NUCLEO-F401RE/shared/Middle/ucglib/ucg_com_msg_api.o
                0x080028a0                ucg_com_DelayMicroseconds
 .text.ucg_com_DelayMilliseconds
                0x080028c2       0x2e ./SDK_1.0.3_NUCLEO-F401RE/shared/Middle/ucglib/ucg_com_msg_api.o
                0x080028c2                ucg_com_DelayMilliseconds
 .text.ucg_com_SendByte
                0x080028f0       0x24 ./SDK_1.0.3_NUCLEO-F401RE/shared/Middle/ucglib/ucg_com_msg_api.o
                0x080028f0                ucg_com_SendByte
 .text.ucg_com_SendStringP
                0x08002914       0x42 ./SDK_1.0.3_NUCLEO-F401RE/shared/Middle/ucglib/ucg_com_msg_api.o
                0x08002914                ucg_com_SendStringP
 .text.ucg_com_SendCmdArg
                0x08002956       0x74 ./SDK_1.0.3_NUCLEO-F401RE/shared/Middle/ucglib/ucg_com_msg_api.o
 *fill*         0x080029ca        0x2 
 .text.ucg_com_SendCmdSeq
                0x080029cc      0x27c ./SDK_1.0.3_NUCLEO-F401RE/shared/Middle/ucglib/ucg_com_msg_api.o
                0x080029cc                ucg_com_SendCmdSeq
 .text.ucg_dev_default_cb
                0x08002c48       0x44 ./SDK_1.0.3_NUCLEO-F401RE/shared/Middle/ucglib/ucg_dev_default_cb.o
                0x08002c48                ucg_dev_default_cb
 .text.ucg_ext_none
                0x08002c8c       0x1c ./SDK_1.0.3_NUCLEO-F401RE/shared/Middle/ucglib/ucg_dev_default_cb.o
                0x08002c8c                ucg_ext_none
 .text.ucg_handle_st7735_l90fx
                0x08002ca8       0xdc ./SDK_1.0.3_NUCLEO-F401RE/shared/Middle/ucglib/ucg_dev_ic_st7735.o
                0x08002ca8                ucg_handle_st7735_l90fx
 .text.ucg_handle_st7735_l90se
                0x08002d84      0x15c ./SDK_1.0.3_NUCLEO-F401RE/shared/Middle/ucglib/ucg_dev_ic_st7735.o
                0x08002d84                ucg_handle_st7735_l90se
 .text.ucg_dev_ic_st7735_18
                0x08002ee0       0xf8 ./SDK_1.0.3_NUCLEO-F401RE/shared/Middle/ucglib/ucg_dev_ic_st7735.o
                0x08002ee0                ucg_dev_ic_st7735_18
 .text.ucg_ext_st7735_18
                0x08002fd8       0x28 ./SDK_1.0.3_NUCLEO-F401RE/shared/Middle/ucglib/ucg_dev_ic_st7735.o
                0x08002fd8                ucg_ext_st7735_18
 .text.ucg_PowerDown
                0x08003000       0x34 ./SDK_1.0.3_NUCLEO-F401RE/shared/Middle/ucglib/ucg_dev_msg_api.o
                0x08003000                ucg_PowerDown
 .text.ucg_PowerUp
                0x08003034       0x3c ./SDK_1.0.3_NUCLEO-F401RE/shared/Middle/ucglib/ucg_dev_msg_api.o
                0x08003034                ucg_PowerUp
 .text.ucg_SetClipBox
                0x08003070       0x1e ./SDK_1.0.3_NUCLEO-F401RE/shared/Middle/ucglib/ucg_dev_msg_api.o
                0x08003070                ucg_SetClipBox
 .text.ucg_SetMaxClipRange
                0x0800308e       0x30 ./SDK_1.0.3_NUCLEO-F401RE/shared/Middle/ucglib/ucg_dev_msg_api.o
                0x0800308e                ucg_SetMaxClipRange
 .text.ucg_GetDimension
                0x080030be       0x24 ./SDK_1.0.3_NUCLEO-F401RE/shared/Middle/ucglib/ucg_dev_msg_api.o
                0x080030be                ucg_GetDimension
 .text.ucg_DrawL90FXWithArg
                0x080030e2       0x1e ./SDK_1.0.3_NUCLEO-F401RE/shared/Middle/ucglib/ucg_dev_msg_api.o
                0x080030e2                ucg_DrawL90FXWithArg
 .text.ucg_dev_st7735_18x128x128
                0x08003100       0x88 ./SDK_1.0.3_NUCLEO-F401RE/shared/Middle/ucglib/ucg_dev_tft_128x128_st7735.o
                0x08003100                ucg_dev_st7735_18x128x128
 .text.ucg_font_get_byte
                0x08003188       0x24 ./SDK_1.0.3_NUCLEO-F401RE/shared/Middle/ucglib/ucg_font.o
 .text.ucg_font_get_word
                0x080031ac       0x40 ./SDK_1.0.3_NUCLEO-F401RE/shared/Middle/ucglib/ucg_font.o
 .text.ucg_read_font_info
                0x080031ec      0x142 ./SDK_1.0.3_NUCLEO-F401RE/shared/Middle/ucglib/ucg_font.o
                0x080031ec                ucg_read_font_info
 .text.ucg_font_decode_get_unsigned_bits
                0x0800332e       0x96 ./SDK_1.0.3_NUCLEO-F401RE/shared/Middle/ucglib/ucg_font.o
                0x0800332e                ucg_font_decode_get_unsigned_bits
 .text.ucg_font_decode_get_signed_bits
                0x080033c4       0x46 ./SDK_1.0.3_NUCLEO-F401RE/shared/Middle/ucglib/ucg_font.o
                0x080033c4                ucg_font_decode_get_signed_bits
 .text.ucg_add_vector_y
                0x0800340a       0x80 ./SDK_1.0.3_NUCLEO-F401RE/shared/Middle/ucglib/ucg_font.o
 .text.ucg_add_vector_x
                0x0800348a       0x80 ./SDK_1.0.3_NUCLEO-F401RE/shared/Middle/ucglib/ucg_font.o
 .text.ucg_font_decode_len
                0x0800350a      0x114 ./SDK_1.0.3_NUCLEO-F401RE/shared/Middle/ucglib/ucg_font.o
                0x0800350a                ucg_font_decode_len
 .text.ucg_font_setup_decode
                0x0800361e       0x64 ./SDK_1.0.3_NUCLEO-F401RE/shared/Middle/ucglib/ucg_font.o
 .text.ucg_font_decode_glyph
                0x08003682      0x14c ./SDK_1.0.3_NUCLEO-F401RE/shared/Middle/ucglib/ucg_font.o
                0x08003682                ucg_font_decode_glyph
 .text.ucg_font_get_glyph_data
                0x080037ce       0x7a ./SDK_1.0.3_NUCLEO-F401RE/shared/Middle/ucglib/ucg_font.o
                0x080037ce                ucg_font_get_glyph_data
 .text.ucg_font_draw_glyph
                0x08003848       0x62 ./SDK_1.0.3_NUCLEO-F401RE/shared/Middle/ucglib/ucg_font.o
                0x08003848                ucg_font_draw_glyph
 .text.ucg_SetFontMode
                0x080038aa       0x20 ./SDK_1.0.3_NUCLEO-F401RE/shared/Middle/ucglib/ucg_font.o
                0x080038aa                ucg_SetFontMode
 *fill*         0x080038ca        0x2 
 .text.ucg_DrawGlyph
                0x080038cc       0xb0 ./SDK_1.0.3_NUCLEO-F401RE/shared/Middle/ucglib/ucg_font.o
                0x080038cc                ucg_DrawGlyph
 .text.task_drawString
                0x0800397c      0x138 ./SDK_1.0.3_NUCLEO-F401RE/shared/Middle/ucglib/ucg_font.o
                0x0800397c                task_drawString
 .text.ucg_DrawString
                0x08003ab4       0x78 ./SDK_1.0.3_NUCLEO-F401RE/shared/Middle/ucglib/ucg_font.o
                0x08003ab4                ucg_DrawString
 .text.ucg_UpdateRefHeight
                0x08003b2c       0xd8 ./SDK_1.0.3_NUCLEO-F401RE/shared/Middle/ucglib/ucg_font.o
                0x08003b2c                ucg_UpdateRefHeight
 .text.ucg_font_calc_vref_font
                0x08003c04       0x16 ./SDK_1.0.3_NUCLEO-F401RE/shared/Middle/ucglib/ucg_font.o
                0x08003c04                ucg_font_calc_vref_font
 *fill*         0x08003c1a        0x2 
 .text.ucg_SetFontPosBaseline
                0x08003c1c       0x20 ./SDK_1.0.3_NUCLEO-F401RE/shared/Middle/ucglib/ucg_font.o
                0x08003c1c                ucg_SetFontPosBaseline
 .text.ucg_SetFont
                0x08003c3c       0x4c ./SDK_1.0.3_NUCLEO-F401RE/shared/Middle/ucglib/ucg_font.o
                0x08003c3c                ucg_SetFont
 .text.ucg_init_struct
                0x08003c88       0x50 ./SDK_1.0.3_NUCLEO-F401RE/shared/Middle/ucglib/ucg_init.o
                0x08003c88                ucg_init_struct
 .text.ucg_Init
                0x08003cd8       0x5c ./SDK_1.0.3_NUCLEO-F401RE/shared/Middle/ucglib/ucg_init.o
                0x08003cd8                ucg_Init
 .text.ucg_Draw90Line
                0x08003d34       0x88 ./SDK_1.0.3_NUCLEO-F401RE/shared/Middle/ucglib/ucg_line.o
                0x08003d34                ucg_Draw90Line
 .text.ucg_DrawHLine
                0x08003dbc       0x3c ./SDK_1.0.3_NUCLEO-F401RE/shared/Middle/ucglib/ucg_line.o
                0x08003dbc                ucg_DrawHLine
 .text.ucg_SetColor
                0x08003df8       0x5c ./SDK_1.0.3_NUCLEO-F401RE/shared/Middle/ucglib/ucg_pixel.o
                0x08003df8                ucg_SetColor
 .text.ucg_UndoRotate
                0x08003e54       0x32 ./SDK_1.0.3_NUCLEO-F401RE/shared/Middle/ucglib/ucg_rotate.o
                0x08003e54                ucg_UndoRotate
 .text.ucg_rotate_180_xy
                0x08003e86       0x66 ./SDK_1.0.3_NUCLEO-F401RE/shared/Middle/ucglib/ucg_rotate.o
 .text.ucg_dev_rotate180
                0x08003eec      0x100 ./SDK_1.0.3_NUCLEO-F401RE/shared/Middle/ucglib/ucg_rotate.o
                0x08003eec                ucg_dev_rotate180
 .text.ucg_SetRotate180
                0x08003fec       0x34 ./SDK_1.0.3_NUCLEO-F401RE/shared/Middle/ucglib/ucg_rotate.o
                0x08003fec                ucg_SetRotate180
 .text.bufInit  0x08004020       0x36 ./SDK_1.0.3_NUCLEO-F401RE/shared/Utilities/buff.o
                0x08004020                bufInit
 .text.bufNumItems
                0x08004056       0x18 ./SDK_1.0.3_NUCLEO-F401RE/shared/Utilities/buff.o
                0x08004056                bufNumItems
 .text.bufIsFull
                0x0800406e       0x26 ./SDK_1.0.3_NUCLEO-F401RE/shared/Utilities/buff.o
                0x0800406e                bufIsFull
 .text.bufIsEmpty
                0x08004094       0x26 ./SDK_1.0.3_NUCLEO-F401RE/shared/Utilities/buff.o
                0x08004094                bufIsEmpty
 .text.bufFlush
                0x080040ba       0x32 ./SDK_1.0.3_NUCLEO-F401RE/shared/Utilities/buff.o
                0x080040ba                bufFlush
 .text.bufEnDat
                0x080040ec       0x9e ./SDK_1.0.3_NUCLEO-F401RE/shared/Utilities/buff.o
                0x080040ec                bufEnDat
 .text.bufDeDat
                0x0800418a       0x8a ./SDK_1.0.3_NUCLEO-F401RE/shared/Utilities/buff.o
                0x0800418a                bufDeDat
 .text.memsetl  0x08004214       0x34 ./SDK_1.0.3_NUCLEO-F401RE/shared/Utilities/utilities.o
                0x08004214                memsetl
 .text.main     0x08004248       0x18 ./Src/main.o
                0x08004248                main
 .text.Sensor_Init
                0x08004260       0xa4 ./Src/main.o
 .text.I2C_Start
                0x08004304       0x3c ./Src/main.o
 .text.I2C_Address_Direction
                0x08004340       0x60 ./Src/main.o
 .text.I2C_TransmitData
                0x080043a0       0x38 ./Src/main.o
 .text.I2C_Stop
                0x080043d8       0x14 ./Src/main.o
 .text.I2C_Receive_NACK
                0x080043ec       0x3c ./Src/main.o
 .text.I2C_Receive_ACK
                0x08004428       0x3c ./Src/main.o
 .text.TemHumSensor_readRegister
                0x08004464       0x9c ./Src/main.o
 .text.TemHumSensor_getTemp
                0x08004500       0x9c ./Src/main.o
 .text.TemHumSensor_getHumi
                0x0800459c       0x76 ./Src/main.o
 *fill*         0x08004612        0x2 
 .text.Update_Sensor_Value
                0x08004614       0x58 ./Src/main.o
 .text.Update_LCD
                0x0800466c      0x144 ./Src/main.o
 .text.delay_ms
                0x080047b0       0x40 ./Src/main.o
                0x080047b0                delay_ms
 .text.AppInit_Manager
                0x080047f0       0x80 ./Src/main.o
                0x080047f0                AppInit_Manager
 .text._getpid  0x08004870       0x10 ./Src/syscalls.o
                0x08004870                _getpid
 .text._kill    0x08004880       0x20 ./Src/syscalls.o
                0x08004880                _kill
 .text._exit    0x080048a0       0x16 ./Src/syscalls.o
                0x080048a0                _exit
 .text._read    0x080048b6       0x3a ./Src/syscalls.o
                0x080048b6                _read
 .text._write   0x080048f0       0x38 ./Src/syscalls.o
                0x080048f0                _write
 .text._close   0x08004928       0x18 ./Src/syscalls.o
                0x08004928                _close
 .text._fstat   0x08004940       0x20 ./Src/syscalls.o
                0x08004940                _fstat
 .text._isatty  0x08004960       0x16 ./Src/syscalls.o
                0x08004960                _isatty
 .text._lseek   0x08004976       0x1a ./Src/syscalls.o
                0x08004976                _lseek
 .text._sbrk    0x08004990       0x6c ./Src/sysmem.o
                0x08004990                _sbrk
 .text.Reset_Handler
                0x080049fc       0x50 ./Startup/startup_stm32f401retx.o
                0x080049fc                Reset_Handler
 .text.Default_Handler
                0x08004a4c        0x2 ./Startup/startup_stm32f401retx.o
                0x08004a4c                EXTI2_IRQHandler
                0x08004a4c                DebugMon_Handler
                0x08004a4c                SPI4_IRQHandler
                0x08004a4c                TIM1_CC_IRQHandler
                0x08004a4c                DMA2_Stream5_IRQHandler
                0x08004a4c                HardFault_Handler
                0x08004a4c                DMA1_Stream5_IRQHandler
                0x08004a4c                SDIO_IRQHandler
                0x08004a4c                TAMP_STAMP_IRQHandler
                0x08004a4c                PendSV_Handler
                0x08004a4c                NMI_Handler
                0x08004a4c                EXTI3_IRQHandler
                0x08004a4c                TIM1_UP_TIM10_IRQHandler
                0x08004a4c                I2C3_ER_IRQHandler
                0x08004a4c                EXTI18_OTG_FS_WKUP_IRQHandler
                0x08004a4c                EXTI0_IRQHandler
                0x08004a4c                I2C2_EV_IRQHandler
                0x08004a4c                DMA1_Stream2_IRQHandler
                0x08004a4c                UsageFault_Handler
                0x08004a4c                DMA2_Stream2_IRQHandler
                0x08004a4c                SPI1_IRQHandler
                0x08004a4c                TIM1_BRK_TIM9_IRQHandler
                0x08004a4c                DMA2_Stream3_IRQHandler
                0x08004a4c                USART6_IRQHandler
                0x08004a4c                DMA2_Stream0_IRQHandler
                0x08004a4c                TIM4_IRQHandler
                0x08004a4c                I2C1_EV_IRQHandler
                0x08004a4c                DMA1_Stream6_IRQHandler
                0x08004a4c                DMA1_Stream1_IRQHandler
                0x08004a4c                TIM3_IRQHandler
                0x08004a4c                RCC_IRQHandler
                0x08004a4c                Default_Handler
                0x08004a4c                EXTI15_10_IRQHandler
                0x08004a4c                ADC_IRQHandler
                0x08004a4c                DMA1_Stream7_IRQHandler
                0x08004a4c                TIM5_IRQHandler
                0x08004a4c                DMA2_Stream7_IRQHandler
                0x08004a4c                I2C3_EV_IRQHandler
                0x08004a4c                EXTI9_5_IRQHandler
                0x08004a4c                SPI2_IRQHandler
                0x08004a4c                MemManage_Handler
                0x08004a4c                DMA1_Stream0_IRQHandler
                0x08004a4c                SVC_Handler
                0x08004a4c                EXTI4_IRQHandler
                0x08004a4c                EXTI22_RTC_WKUP_IRQHandler
                0x08004a4c                TIM2_IRQHandler
                0x08004a4c                EXTI16_PVD_IRQHandler
                0x08004a4c                TIM1_TRG_COM_TIM11_IRQHandler
                0x08004a4c                EXTI1_IRQHandler
                0x08004a4c                EXTI17_RTC_Alarm_IRQHandler
                0x08004a4c                I2C2_ER_IRQHandler
                0x08004a4c                DMA2_Stream1_IRQHandler
                0x08004a4c                FLASH_IRQHandler
                0x08004a4c                DMA2_Stream4_IRQHandler
                0x08004a4c                BusFault_Handler
                0x08004a4c                USART1_IRQHandler
                0x08004a4c                OTG_FS_IRQHandler
                0x08004a4c                SPI3_IRQHandler
                0x08004a4c                DMA1_Stream4_IRQHandler
                0x08004a4c                I2C1_ER_IRQHandler
                0x08004a4c                DMA2_Stream6_IRQHandler
                0x08004a4c                DMA1_Stream3_IRQHandler
 .text.__cvt    0x08004a4e       0xca C:/ST/STM32CubeIDE_2.0.0/STM32CubeIDE/plugins/com.st.stm32cube.ide.mcu.externaltools.gnu-tools-for-stm32.13.3.rel1.win32_1.0.100.202509120712/tools/bin/../lib/gcc/arm-none-eabi/13.3.1/../../../../arm-none-eabi/lib/thumb/v7e-m+fp/hard\libc_nano.a(libc_a-nano-vfprintf_float.o)
                0x08004a4e                __cvt
 .text.__exponent
                0x08004b18       0x74 C:/ST/STM32CubeIDE_2.0.0/STM32CubeIDE/plugins/com.st.stm32cube.ide.mcu.externaltools.gnu-tools-for-stm32.13.3.rel1.win32_1.0.100.202509120712/tools/bin/../lib/gcc/arm-none-eabi/13.3.1/../../../../arm-none-eabi/lib/thumb/v7e-m+fp/hard\libc_nano.a(libc_a-nano-vfprintf_float.o)
                0x08004b18                __exponent
 .text._printf_float
                0x08004b8c      0x454 C:/ST/STM32CubeIDE_2.0.0/STM32CubeIDE/plugins/com.st.stm32cube.ide.mcu.externaltools.gnu-tools-for-stm32.13.3.rel1.win32_1.0.100.202509120712/tools/bin/../lib/gcc/arm-none-eabi/13.3.1/../../../../arm-none-eabi/lib/thumb/v7e-m+fp/hard\libc_nano.a(libc_a-nano-vfprintf_float.o)
                0x08004b8c                _printf_float
 .text._printf_common
                0x08004fe0       0xda C:/ST/STM32CubeIDE_2.0.0/STM32CubeIDE/plugins/com.st.stm32cube.ide.mcu.externaltools.gnu-tools-for-stm32.13.3.rel1.win32_1.0.100.202509120712/tools/bin/../lib/gcc/arm-none-eabi/13.3.1/../../../../arm-none-eabi/lib/thumb/v7e-m+fp/hard\libc_nano.a(libc_a-nano-vfprintf_i.o)
                0x08004fe0                _printf_common
 *fill*         0x080050ba        0x2 
 .text._printf_i
                0x080050bc      0x23c C:/ST/STM32CubeIDE_2.0.0/STM32CubeIDE/plugins/com.st.stm32cube.ide.mcu.externaltools.gnu-tools-for-stm32.13.3.rel1.win32_1.0.100.202509120712/tools/bin/../lib/gcc/arm-none-eabi/13.3.1/../../../../arm-none-eabi/lib/thumb/v7e-m+fp/hard\libc_nano.a(libc_a-nano-vfprintf_i.o)
                0x080050bc                _printf_i
 .text._scanf_float
                0x080052f8      0x41c C:/ST/STM32CubeIDE_2.0.0/STM32CubeIDE/plugins/com.st.stm32cube.ide.mcu.externaltools.gnu-tools-for-stm32.13.3.rel1.win32_1.0.100.202509120712/tools/bin/../lib/gcc/arm-none-eabi/13.3.1/../../../../arm-none-eabi/lib/thumb/v7e-m+fp/hard\libc_nano.a(libc_a-nano-vfscanf_float.o)
                0x080052f8                _scanf_float
 .text.std      0x08005714       0x6c C:/ST/STM32CubeIDE_2.0.0/STM32CubeIDE/plugins/com.st.stm32cube.ide.mcu.externaltools.gnu-tools-for-stm32.13.3.rel1.win32_1.0.100.202509120712/tools/bin/../lib/gcc/arm-none-eabi/13.3.1/../../../../arm-none-eabi/lib/thumb/v7e-m+fp/hard\libc_nano.a(libc_a-findfp.o)
 .text.stdio_exit_handler
                0x08005780       0x18 C:/ST/STM32CubeIDE_2.0.0/STM32CubeIDE/plugins/com.st.stm32cube.ide.mcu.externaltools.gnu-tools-for-stm32.13.3.rel1.win32_1.0.100.202509120712/tools/bin/../lib/gcc/arm-none-eabi/13.3.1/../../../../arm-none-eabi/lib/thumb/v7e-m+fp/hard\libc_nano.a(libc_a-findfp.o)
 .text.cleanup_stdio
                0x08005798       0x40 C:/ST/STM32CubeIDE_2.0.0/STM32CubeIDE/plugins/com.st.stm32cube.ide.mcu.externaltools.gnu-tools-for-stm32.13.3.rel1.win32_1.0.100.202509120712/tools/bin/../lib/gcc/arm-none-eabi/13.3.1/../../../../arm-none-eabi/lib/thumb/v7e-m+fp/hard\libc_nano.a(libc_a-findfp.o)
 .text.global_stdio_init.part.0
                0x080057d8       0x3c C:/ST/STM32CubeIDE_2.0.0/STM32CubeIDE/plugins/com.st.stm32cube.ide.mcu.externaltools.gnu-tools-for-stm32.13.3.rel1.win32_1.0.100.202509120712/tools/bin/../lib/gcc/arm-none-eabi/13.3.1/../../../../arm-none-eabi/lib/thumb/v7e-m+fp/hard\libc_nano.a(libc_a-findfp.o)
 .text.__sfp_lock_acquire
                0x08005814        0xc C:/ST/STM32CubeIDE_2.0.0/STM32CubeIDE/plugins/com.st.stm32cube.ide.mcu.externaltools.gnu-tools-for-stm32.13.3.rel1.win32_1.0.100.202509120712/tools/bin/../lib/gcc/arm-none-eabi/13.3.1/../../../../arm-none-eabi/lib/thumb/v7e-m+fp/hard\libc_nano.a(libc_a-findfp.o)
                0x08005814                __sfp_lock_acquire
 .text.__sfp_lock_release
                0x08005820        0xc C:/ST/STM32CubeIDE_2.0.0/STM32CubeIDE/plugins/com.st.stm32cube.ide.mcu.externaltools.gnu-tools-for-stm32.13.3.rel1.win32_1.0.100.202509120712/tools/bin/../lib/gcc/arm-none-eabi/13.3.1/../../../../arm-none-eabi/lib/thumb/v7e-m+fp/hard\libc_nano.a(libc_a-findfp.o)
                0x08005820                __sfp_lock_release
 .text.__sinit  0x0800582c       0x30 C:/ST/STM32CubeIDE_2.0.0/STM32CubeIDE/plugins/com.st.stm32cube.ide.mcu.externaltools.gnu-tools-for-stm32.13.3.rel1.win32_1.0.100.202509120712/tools/bin/../lib/gcc/arm-none-eabi/13.3.1/../../../../arm-none-eabi/lib/thumb/v7e-m+fp/hard\libc_nano.a(libc_a-findfp.o)
                0x0800582c                __sinit
 .text._fwalk_sglue
                0x0800585c       0x3c C:/ST/STM32CubeIDE_2.0.0/STM32CubeIDE/plugins/com.st.stm32cube.ide.mcu.externaltools.gnu-tools-for-stm32.13.3.rel1.win32_1.0.100.202509120712/tools/bin/../lib/gcc/arm-none-eabi/13.3.1/../../../../arm-none-eabi/lib/thumb/v7e-m+fp/hard\libc_nano.a(libc_a-fwalk.o)
                0x0800585c                _fwalk_sglue
 .text.snprintf
                0x08005898       0x6c C:/ST/STM32CubeIDE_2.0.0/STM32CubeIDE/plugins/com.st.stm32cube.ide.mcu.externaltools.gnu-tools-for-stm32.13.3.rel1.win32_1.0.100.202509120712/tools/bin/../lib/gcc/arm-none-eabi/13.3.1/../../../../arm-none-eabi/lib/thumb/v7e-m+fp/hard\libc_nano.a(libc_a-snprintf.o)
                0x08005898                sniprintf
                0x08005898                snprintf
 .text.sprintf  0x08005904       0x44 C:/ST/STM32CubeIDE_2.0.0/STM32CubeIDE/plugins/com.st.stm32cube.ide.mcu.externaltools.gnu-tools-for-stm32.13.3.rel1.win32_1.0.100.202509120712/tools/bin/../lib/gcc/arm-none-eabi/13.3.1/../../../../arm-none-eabi/lib/thumb/v7e-m+fp/hard\libc_nano.a(libc_a-sprintf.o)
                0x08005904                siprintf
                0x08005904                sprintf
 .text.__sread  0x08005948       0x22 C:/ST/STM32CubeIDE_2.0.0/STM32CubeIDE/plugins/com.st.stm32cube.ide.mcu.externaltools.gnu-tools-for-stm32.13.3.rel1.win32_1.0.100.202509120712/tools/bin/../lib/gcc/arm-none-eabi/13.3.1/../../../../arm-none-eabi/lib/thumb/v7e-m+fp/hard\libc_nano.a(libc_a-stdio.o)
                0x08005948                __sread
 .text.__swrite
                0x0800596a       0x38 C:/ST/STM32CubeIDE_2.0.0/STM32CubeIDE/plugins/com.st.stm32cube.ide.mcu.externaltools.gnu-tools-for-stm32.13.3.rel1.win32_1.0.100.202509120712/tools/bin/../lib/gcc/arm-none-eabi/13.3.1/../../../../arm-none-eabi/lib/thumb/v7e-m+fp/hard\libc_nano.a(libc_a-stdio.o)
                0x0800596a                __swrite
 .text.__sseek  0x080059a2       0x24 C:/ST/STM32CubeIDE_2.0.0/STM32CubeIDE/plugins/com.st.stm32cube.ide.mcu.externaltools.gnu-tools-for-stm32.13.3.rel1.win32_1.0.100.202509120712/tools/bin/../lib/gcc/arm-none-eabi/13.3.1/../../../../arm-none-eabi/lib/thumb/v7e-m+fp/hard\libc_nano.a(libc_a-stdio.o)
                0x080059a2                __sseek
 .text.__sclose
                0x080059c6        0x8 C:/ST/STM32CubeIDE_2.0.0/STM32CubeIDE/plugins/com.st.stm32cube.ide.mcu.externaltools.gnu-tools-for-stm32.13.3.rel1.win32_1.0.100.202509120712/tools/bin/../lib/gcc/arm-none-eabi/13.3.1/../../../../arm-none-eabi/lib/thumb/v7e-m+fp/hard\libc_nano.a(libc_a-stdio.o)
                0x080059c6                __sclose
 .text.memset   0x080059ce       0x10 C:/ST/STM32CubeIDE_2.0.0/STM32CubeIDE/plugins/com.st.stm32cube.ide.mcu.externaltools.gnu-tools-for-stm32.13.3.rel1.win32_1.0.100.202509120712/tools/bin/../lib/gcc/arm-none-eabi/13.3.1/../../../../arm-none-eabi/lib/thumb/v7e-m+fp/hard\libc_nano.a(libc_a-memset.o)
                0x080059ce                memset
 *fill*         0x080059de        0x2 
 .text._localeconv_r
                0x080059e0        0x8 C:/ST/STM32CubeIDE_2.0.0/STM32CubeIDE/plugins/com.st.stm32cube.ide.mcu.externaltools.gnu-tools-for-stm32.13.3.rel1.win32_1.0.100.202509120712/tools/bin/../lib/gcc/arm-none-eabi/13.3.1/../../../../arm-none-eabi/lib/thumb/v7e-m+fp/hard\libc_nano.a(libc_a-localeconv.o)
                0x080059e0                _localeconv_r
 .text._close_r
                0x080059e8       0x20 C:/ST/STM32CubeIDE_2.0.0/STM32CubeIDE/plugins/com.st.stm32cube.ide.mcu.externaltools.gnu-tools-for-stm32.13.3.rel1.win32_1.0.100.202509120712/tools/bin/../lib/gcc/arm-none-eabi/13.3.1/../../../../arm-none-eabi/lib/thumb/v7e-m+fp/hard\libc_nano.a(libc_a-closer.o)
                0x080059e8                _close_r
 .text._lseek_r
                0x08005a08       0x24 C:/ST/STM32CubeIDE_2.0.0/STM32CubeIDE/plugins/com.st.stm32cube.ide.mcu.externaltools.gnu-tools-for-stm32.13.3.rel1.win32_1.0.100.202509120712/tools/bin/../lib/gcc/arm-none-eabi/13.3.1/../../../../arm-none-eabi/lib/thumb/v7e-m+fp/hard\libc_nano.a(libc_a-lseekr.o)
                0x08005a08                _lseek_r
 .text._read_r  0x08005a2c       0x24 C:/ST/STM32CubeIDE_2.0.0/STM32CubeIDE/plugins/com.st.stm32cube.ide.mcu.externaltools.gnu-tools-for-stm32.13.3.rel1.win32_1.0.100.202509120712/tools/bin/../lib/gcc/arm-none-eabi/13.3.1/../../../../arm-none-eabi/lib/thumb/v7e-m+fp/hard\libc_nano.a(libc_a-readr.o)
                0x08005a2c                _read_r
 .text._write_r
                0x08005a50       0x24 C:/ST/STM32CubeIDE_2.0.0/STM32CubeIDE/plugins/com.st.stm32cube.ide.mcu.externaltools.gnu-tools-for-stm32.13.3.rel1.win32_1.0.100.202509120712/tools/bin/../lib/gcc/arm-none-eabi/13.3.1/../../../../arm-none-eabi/lib/thumb/v7e-m+fp/hard\libc_nano.a(libc_a-writer.o)
                0x08005a50                _write_r
 .text.__errno  0x08005a74        0xc C:/ST/STM32CubeIDE_2.0.0/STM32CubeIDE/plugins/com.st.stm32cube.ide.mcu.externaltools.gnu-tools-for-stm32.13.3.rel1.win32_1.0.100.202509120712/tools/bin/../lib/gcc/arm-none-eabi/13.3.1/../../../../arm-none-eabi/lib/thumb/v7e-m+fp/hard\libc_nano.a(libc_a-errno.o)
                0x08005a74                __errno
 .text.__libc_init_array
                0x08005a80       0x48 C:/ST/STM32CubeIDE_2.0.0/STM32CubeIDE/plugins/com.st.stm32cube.ide.mcu.externaltools.gnu-tools-for-stm32.13.3.rel1.win32_1.0.100.202509120712/tools/bin/../lib/gcc/arm-none-eabi/13.3.1/../../../../arm-none-eabi/lib/thumb/v7e-m+fp/hard\libc_nano.a(libc_a-init.o)
                0x08005a80                __libc_init_array
 .text.__retarget_lock_init_recursive
                0x08005ac8        0x2 C:/ST/STM32CubeIDE_2.0.0/STM32CubeIDE/plugins/com.st.stm32cube.ide.mcu.externaltools.gnu-tools-for-stm32.13.3.rel1.win32_1.0.100.202509120712/tools/bin/../lib/gcc/arm-none-eabi/13.3.1/../../../../arm-none-eabi/lib/thumb/v7e-m+fp/hard\libc_nano.a(libc_a-lock.o)
                0x08005ac8                __retarget_lock_init_recursive
 .text.__retarget_lock_acquire_recursive
                0x08005aca        0x2 C:/ST/STM32CubeIDE_2.0.0/STM32CubeIDE/plugins/com.st.stm32cube.ide.mcu.externaltools.gnu-tools-for-stm32.13.3.rel1.win32_1.0.100.202509120712/tools/bin/../lib/gcc/arm-none-eabi/13.3.1/../../../../arm-none-eabi/lib/thumb/v7e-m+fp/hard\libc_nano.a(libc_a-lock.o)
                0x08005aca                __retarget_lock_acquire_recursive
 .text.__retarget_lock_release_recursive
                0x08005acc        0x2 C:/ST/STM32CubeIDE_2.0.0/STM32CubeIDE/plugins/com.st.stm32cube.ide.mcu.externaltools.gnu-tools-for-stm32.13.3.rel1.win32_1.0.100.202509120712/tools/bin/../lib/gcc/arm-none-eabi/13.3.1/../../../../arm-none-eabi/lib/thumb/v7e-m+fp/hard\libc_nano.a(libc_a-lock.o)
                0x08005acc                __retarget_lock_release_recursive
 *fill*         0x08005ace        0x2 
 .text.nanf     0x08005ad0        0xc C:/ST/STM32CubeIDE_2.0.0/STM32CubeIDE/plugins/com.st.stm32cube.ide.mcu.externaltools.gnu-tools-for-stm32.13.3.rel1.win32_1.0.100.202509120712/tools/bin/../lib/gcc/arm-none-eabi/13.3.1/../../../../arm-none-eabi/lib/thumb/v7e-m+fp/hard\libc_nano.a(libm_a-sf_nan.o)
                0x08005ad0                nanf
 .text.quorem   0x08005adc      0x110 C:/ST/STM32CubeIDE_2.0.0/STM32CubeIDE/plugins/com.st.stm32cube.ide.mcu.externaltools.gnu-tools-for-stm32.13.3.rel1.win32_1.0.100.202509120712/tools/bin/../lib/gcc/arm-none-eabi/13.3.1/../../../../arm-none-eabi/lib/thumb/v7e-m+fp/hard\libc_nano.a(libc_a-dtoa.o)
 *fill*         0x08005bec        0x4 
 .text._dtoa_r  0x08005bf0      0xba0 C:/ST/STM32CubeIDE_2.0.0/STM32CubeIDE/plugins/com.st.stm32cube.ide.mcu.externaltools.gnu-tools-for-stm32.13.3.rel1.win32_1.0.100.202509120712/tools/bin/../lib/gcc/arm-none-eabi/13.3.1/../../../../arm-none-eabi/lib/thumb/v7e-m+fp/hard\libc_nano.a(libc_a-dtoa.o)
                0x08005bf0                _dtoa_r
 .text._free_r  0x08006790       0x94 C:/ST/STM32CubeIDE_2.0.0/STM32CubeIDE/plugins/com.st.stm32cube.ide.mcu.externaltools.gnu-tools-for-stm32.13.3.rel1.win32_1.0.100.202509120712/tools/bin/../lib/gcc/arm-none-eabi/13.3.1/../../../../arm-none-eabi/lib/thumb/v7e-m+fp/hard\libc_nano.a(libc_a-freer.o)
                0x08006790                _free_r
 .text.malloc   0x08006824       0x10 C:/ST/STM32CubeIDE_2.0.0/STM32CubeIDE/plugins/com.st.stm32cube.ide.mcu.externaltools.gnu-tools-for-stm32.13.3.rel1.win32_1.0.100.202509120712/tools/bin/../lib/gcc/arm-none-eabi/13.3.1/../../../../arm-none-eabi/lib/thumb/v7e-m+fp/hard\libc_nano.a(libc_a-malloc.o)
                0x08006824                malloc
 .text.sbrk_aligned
                0x08006834       0x44 C:/ST/STM32CubeIDE_2.0.0/STM32CubeIDE/plugins/com.st.stm32cube.ide.mcu.externaltools.gnu-tools-for-stm32.13.3.rel1.win32_1.0.100.202509120712/tools/bin/../lib/gcc/arm-none-eabi/13.3.1/../../../../arm-none-eabi/lib/thumb/v7e-m+fp/hard\libc_nano.a(libc_a-mallocr.o)
 .text._malloc_r
                0x08006878      0x100 C:/ST/STM32CubeIDE_2.0.0/STM32CubeIDE/plugins/com.st.stm32cube.ide.mcu.externaltools.gnu-tools-for-stm32.13.3.rel1.win32_1.0.100.202509120712/tools/bin/../lib/gcc/arm-none-eabi/13.3.1/../../../../arm-none-eabi/lib/thumb/v7e-m+fp/hard\libc_nano.a(libc_a-mallocr.o)
                0x08006878                _malloc_r
 .text.__malloc_lock
                0x08006978        0xc C:/ST/STM32CubeIDE_2.0.0/STM32CubeIDE/plugins/com.st.stm32cube.ide.mcu.externaltools.gnu-tools-for-stm32.13.3.rel1.win32_1.0.100.202509120712/tools/bin/../lib/gcc/arm-none-eabi/13.3.1/../../../../arm-none-eabi/lib/thumb/v7e-m+fp/hard\libc_nano.a(libc_a-mlock.o)
                0x08006978                __malloc_lock
 .text.__malloc_unlock
                0x08006984        0xc C:/ST/STM32CubeIDE_2.0.0/STM32CubeIDE/plugins/com.st.stm32cube.ide.mcu.externaltools.gnu-tools-for-stm32.13.3.rel1.win32_1.0.100.202509120712/tools/bin/../lib/gcc/arm-none-eabi/13.3.1/../../../../arm-none-eabi/lib/thumb/v7e-m+fp/hard\libc_nano.a(libc_a-mlock.o)
                0x08006984                __malloc_unlock
 .text._Balloc  0x08006990       0x80 C:/ST/STM32CubeIDE_2.0.0/STM32CubeIDE/plugins/com.st.stm32cube.ide.mcu.externaltools.gnu-tools-for-stm32.13.3.rel1.win32_1.0.100.202509120712/tools/bin/../lib/gcc/arm-none-eabi/13.3.1/../../../../arm-none-eabi/lib/thumb/v7e-m+fp/hard\libc_nano.a(libc_a-mprec.o)
                0x08006990                _Balloc
 .text._Bfree   0x08006a10       0x44 C:/ST/STM32CubeIDE_2.0.0/STM32CubeIDE/plugins/com.st.stm32cube.ide.mcu.externaltools.gnu-tools-for-stm32.13.3.rel1.win32_1.0.100.202509120712/tools/bin/../lib/gcc/arm-none-eabi/13.3.1/../../../../arm-none-eabi/lib/thumb/v7e-m+fp/hard\libc_nano.a(libc_a-mprec.o)
                0x08006a10                _Bfree
 .text.__multadd
                0x08006a54       0x8c C:/ST/STM32CubeIDE_2.0.0/STM32CubeIDE/plugins/com.st.stm32cube.ide.mcu.externaltools.gnu-tools-for-stm32.13.3.rel1.win32_1.0.100.202509120712/tools/bin/../lib/gcc/arm-none-eabi/13.3.1/../../../../arm-none-eabi/lib/thumb/v7e-m+fp/hard\libc_nano.a(libc_a-mprec.o)
                0x08006a54                __multadd
 .text.__s2b    0x08006ae0       0x94 C:/ST/STM32CubeIDE_2.0.0/STM32CubeIDE/plugins/com.st.stm32cube.ide.mcu.externaltools.gnu-tools-for-stm32.13.3.rel1.win32_1.0.100.202509120712/tools/bin/../lib/gcc/arm-none-eabi/13.3.1/../../../../arm-none-eabi/lib/thumb/v7e-m+fp/hard\libc_nano.a(libc_a-mprec.o)
                0x08006ae0                __s2b
 .text.__hi0bits
                0x08006b74       0x3e C:/ST/STM32CubeIDE_2.0.0/STM32CubeIDE/plugins/com.st.stm32cube.ide.mcu.externaltools.gnu-tools-for-stm32.13.3.rel1.win32_1.0.100.202509120712/tools/bin/../lib/gcc/arm-none-eabi/13.3.1/../../../../arm-none-eabi/lib/thumb/v7e-m+fp/hard\libc_nano.a(libc_a-mprec.o)
                0x08006b74                __hi0bits
 .text.__lo0bits
                0x08006bb2       0x5a C:/ST/STM32CubeIDE_2.0.0/STM32CubeIDE/plugins/com.st.stm32cube.ide.mcu.externaltools.gnu-tools-for-stm32.13.3.rel1.win32_1.0.100.202509120712/tools/bin/../lib/gcc/arm-none-eabi/13.3.1/../../../../arm-none-eabi/lib/thumb/v7e-m+fp/hard\libc_nano.a(libc_a-mprec.o)
                0x08006bb2                __lo0bits
 .text.__i2b    0x08006c0c       0x2c C:/ST/STM32CubeIDE_2.0.0/STM32CubeIDE/plugins/com.st.stm32cube.ide.mcu.externaltools.gnu-tools-for-stm32.13.3.rel1.win32_1.0.100.202509120712/tools/bin/../lib/gcc/arm-none-eabi/13.3.1/../../../../arm-none-eabi/lib/thumb/v7e-m+fp/hard\libc_nano.a(libc_a-mprec.o)
                0x08006c0c                __i2b
 .text.__multiply
                0x08006c38      0x144 C:/ST/STM32CubeIDE_2.0.0/STM32CubeIDE/plugins/com.st.stm32cube.ide.mcu.externaltools.gnu-tools-for-stm32.13.3.rel1.win32_1.0.100.202509120712/tools/bin/../lib/gcc/arm-none-eabi/13.3.1/../../../../arm-none-eabi/lib/thumb/v7e-m+fp/hard\libc_nano.a(libc_a-mprec.o)
                0x08006c38                __multiply
 .text.__pow5mult
                0x08006d7c       0xb4 C:/ST/STM32CubeIDE_2.0.0/STM32CubeIDE/plugins/com.st.stm32cube.ide.mcu.externaltools.gnu-tools-for-stm32.13.3.rel1.win32_1.0.100.202509120712/tools/bin/../lib/gcc/arm-none-eabi/13.3.1/../../../../arm-none-eabi/lib/thumb/v7e-m+fp/hard\libc_nano.a(libc_a-mprec.o)
                0x08006d7c                __pow5mult
 .text.__lshift
                0x08006e30       0xd8 C:/ST/STM32CubeIDE_2.0.0/STM32CubeIDE/plugins/com.st.stm32cube.ide.mcu.externaltools.gnu-tools-for-stm32.13.3.rel1.win32_1.0.100.202509120712/tools/bin/../lib/gcc/arm-none-eabi/13.3.1/../../../../arm-none-eabi/lib/thumb/v7e-m+fp/hard\libc_nano.a(libc_a-mprec.o)
                0x08006e30                __lshift
 .text.__mcmp   0x08006f08       0x36 C:/ST/STM32CubeIDE_2.0.0/STM32CubeIDE/plugins/com.st.stm32cube.ide.mcu.externaltools.gnu-tools-for-stm32.13.3.rel1.win32_1.0.100.202509120712/tools/bin/../lib/gcc/arm-none-eabi/13.3.1/../../../../arm-none-eabi/lib/thumb/v7e-m+fp/hard\libc_nano.a(libc_a-mprec.o)
                0x08006f08                __mcmp
 *fill*         0x08006f3e        0x2 
 .text.__mdiff  0x08006f40      0x128 C:/ST/STM32CubeIDE_2.0.0/STM32CubeIDE/plugins/com.st.stm32cube.ide.mcu.externaltools.gnu-tools-for-stm32.13.3.rel1.win32_1.0.100.202509120712/tools/bin/../lib/gcc/arm-none-eabi/13.3.1/../../../../arm-none-eabi/lib/thumb/v7e-m+fp/hard\libc_nano.a(libc_a-mprec.o)
                0x08006f40                __mdiff
 .text.__ulp    0x08007068       0x4c C:/ST/STM32CubeIDE_2.0.0/STM32CubeIDE/plugins/com.st.stm32cube.ide.mcu.externaltools.gnu-tools-for-stm32.13.3.rel1.win32_1.0.100.202509120712/tools/bin/../lib/gcc/arm-none-eabi/13.3.1/../../../../arm-none-eabi/lib/thumb/v7e-m+fp/hard\libc_nano.a(libc_a-mprec.o)
                0x08007068                __ulp
 .text.__b2d    0x080070b4       0x94 C:/ST/STM32CubeIDE_2.0.0/STM32CubeIDE/plugins/com.st.stm32cube.ide.mcu.externaltools.gnu-tools-for-stm32.13.3.rel1.win32_1.0.100.202509120712/tools/bin/../lib/gcc/arm-none-eabi/13.3.1/../../../../arm-none-eabi/lib/thumb/v7e-m+fp/hard\libc_nano.a(libc_a-mprec.o)
                0x080070b4                __b2d
 .text.__d2b    0x08007148       0xb0 C:/ST/STM32CubeIDE_2.0.0/STM32CubeIDE/plugins/com.st.stm32cube.ide.mcu.externaltools.gnu-tools-for-stm32.13.3.rel1.win32_1.0.100.202509120712/tools/bin/../lib/gcc/arm-none-eabi/13.3.1/../../../../arm-none-eabi/lib/thumb/v7e-m+fp/hard\libc_nano.a(libc_a-mprec.o)
                0x08007148                __d2b
 .text.__ratio  0x080071f8       0x64 C:/ST/STM32CubeIDE_2.0.0/STM32CubeIDE/plugins/com.st.stm32cube.ide.mcu.externaltools.gnu-tools-for-stm32.13.3.rel1.win32_1.0.100.202509120712/tools/bin/../lib/gcc/arm-none-eabi/13.3.1/../../../../arm-none-eabi/lib/thumb/v7e-m+fp/hard\libc_nano.a(libc_a-mprec.o)
                0x080071f8                __ratio
 .text.__copybits
                0x0800725c       0x46 C:/ST/STM32CubeIDE_2.0.0/STM32CubeIDE/plugins/com.st.stm32cube.ide.mcu.externaltools.gnu-tools-for-stm32.13.3.rel1.win32_1.0.100.202509120712/tools/bin/../lib/gcc/arm-none-eabi/13.3.1/../../../../arm-none-eabi/lib/thumb/v7e-m+fp/hard\libc_nano.a(libc_a-mprec.o)
                0x0800725c                __copybits
 .text.__any_on
                0x080072a2       0x42 C:/ST/STM32CubeIDE_2.0.0/STM32CubeIDE/plugins/com.st.stm32cube.ide.mcu.externaltools.gnu-tools-for-stm32.13.3.rel1.win32_1.0.100.202509120712/tools/bin/../lib/gcc/arm-none-eabi/13.3.1/../../../../arm-none-eabi/lib/thumb/v7e-m+fp/hard\libc_nano.a(libc_a-mprec.o)
                0x080072a2                __any_on
 .text.sulp     0x080072e4       0x3c C:/ST/STM32CubeIDE_2.0.0/STM32CubeIDE/plugins/com.st.stm32cube.ide.mcu.externaltools.gnu-tools-for-stm32.13.3.rel1.win32_1.0.100.202509120712/tools/bin/../lib/gcc/arm-none-eabi/13.3.1/../../../../arm-none-eabi/lib/thumb/v7e-m+fp/hard\libc_nano.a(libc_a-strtod.o)
 .text._strtod_l
                0x08007320      0xbc8 C:/ST/STM32CubeIDE_2.0.0/STM32CubeIDE/plugins/com.st.stm32cube.ide.mcu.externaltools.gnu-tools-for-stm32.13.3.rel1.win32_1.0.100.202509120712/tools/bin/../lib/gcc/arm-none-eabi/13.3.1/../../../../arm-none-eabi/lib/thumb/v7e-m+fp/hard\libc_nano.a(libc_a-strtod.o)
                0x08007320                _strtod_l
 .text._strtod_r
                0x08007ee8        0xc C:/ST/STM32CubeIDE_2.0.0/STM32CubeIDE/plugins/com.st.stm32cube.ide.mcu.externaltools.gnu-tools-for-stm32.13.3.rel1.win32_1.0.100.202509120712/tools/bin/../lib/gcc/arm-none-eabi/13.3.1/../../../../arm-none-eabi/lib/thumb/v7e-m+fp/hard\libc_nano.a(libc_a-strtod.o)
                0x08007ee8                _strtod_r
 .text._strtol_l.isra.0
                0x08007ef4       0xf4 C:/ST/STM32CubeIDE_2.0.0/STM32CubeIDE/plugins/com.st.stm32cube.ide.mcu.externaltools.gnu-tools-for-stm32.13.3.rel1.win32_1.0.100.202509120712/tools/bin/../lib/gcc/arm-none-eabi/13.3.1/../../../../arm-none-eabi/lib/thumb/v7e-m+fp/hard\libc_nano.a(libc_a-strtol.o)
 .text._strtol_r
                0x08007fe8        0x4 C:/ST/STM32CubeIDE_2.0.0/STM32CubeIDE/plugins/com.st.stm32cube.ide.mcu.externaltools.gnu-tools-for-stm32.13.3.rel1.win32_1.0.100.202509120712/tools/bin/../lib/gcc/arm-none-eabi/13.3.1/../../../../arm-none-eabi/lib/thumb/v7e-m+fp/hard\libc_nano.a(libc_a-strtol.o)
                0x08007fe8                _strtol_r
 .text.__ssputs_r
                0x08007fec       0xb6 C:/ST/STM32CubeIDE_2.0.0/STM32CubeIDE/plugins/com.st.stm32cube.ide.mcu.externaltools.gnu-tools-for-stm32.13.3.rel1.win32_1.0.100.202509120712/tools/bin/../lib/gcc/arm-none-eabi/13.3.1/../../../../arm-none-eabi/lib/thumb/v7e-m+fp/hard\libc_nano.a(libc_a-nano-svfprintf.o)
                0x08007fec                __ssputs_r
 *fill*         0x080080a2        0x2 
 .text._svfprintf_r
                0x080080a4      0x1f8 C:/ST/STM32CubeIDE_2.0.0/STM32CubeIDE/plugins/com.st.stm32cube.ide.mcu.externaltools.gnu-tools-for-stm32.13.3.rel1.win32_1.0.100.202509120712/tools/bin/../lib/gcc/arm-none-eabi/13.3.1/../../../../arm-none-eabi/lib/thumb/v7e-m+fp/hard\libc_nano.a(libc_a-nano-svfprintf.o)
                0x080080a4                _svfiprintf_r
                0x080080a4                _svfprintf_r
 .text.__sflush_r
                0x0800829c      0x108 C:/ST/STM32CubeIDE_2.0.0/STM32CubeIDE/plugins/com.st.stm32cube.ide.mcu.externaltools.gnu-tools-for-stm32.13.3.rel1.win32_1.0.100.202509120712/tools/bin/../lib/gcc/arm-none-eabi/13.3.1/../../../../arm-none-eabi/lib/thumb/v7e-m+fp/hard\libc_nano.a(libc_a-fflush.o)
                0x0800829c                __sflush_r
 .text._fflush_r
                0x080083a4       0x50 C:/ST/STM32CubeIDE_2.0.0/STM32CubeIDE/plugins/com.st.stm32cube.ide.mcu.externaltools.gnu-tools-for-stm32.13.3.rel1.win32_1.0.100.202509120712/tools/bin/../lib/gcc/arm-none-eabi/13.3.1/../../../../arm-none-eabi/lib/thumb/v7e-m+fp/hard\libc_nano.a(libc_a-fflush.o)
                0x080083a4                _fflush_r
 .text.memmove  0x080083f4       0x34 C:/ST/STM32CubeIDE_2.0.0/STM32CubeIDE/plugins/com.st.stm32cube.ide.mcu.externaltools.gnu-tools-for-stm32.13.3.rel1.win32_1.0.100.202509120712/tools/bin/../lib/gcc/arm-none-eabi/13.3.1/../../../../arm-none-eabi/lib/thumb/v7e-m+fp/hard\libc_nano.a(libc_a-memmove.o)
                0x080083f4                memmove
 .text.strncmp  0x08008428       0x24 C:/ST/STM32CubeIDE_2.0.0/STM32CubeIDE/plugins/com.st.stm32cube.ide.mcu.externaltools.gnu-tools-for-stm32.13.3.rel1.win32_1.0.100.202509120712/tools/bin/../lib/gcc/arm-none-eabi/13.3.1/../../../../arm-none-eabi/lib/thumb/v7e-m+fp/hard\libc_nano.a(libc_a-strncmp.o)
                0x08008428                strncmp
 .text._sbrk_r  0x0800844c       0x20 C:/ST/STM32CubeIDE_2.0.0/STM32CubeIDE/plugins/com.st.stm32cube.ide.mcu.externaltools.gnu-tools-for-stm32.13.3.rel1.win32_1.0.100.202509120712/tools/bin/../lib/gcc/arm-none-eabi/13.3.1/../../../../arm-none-eabi/lib/thumb/v7e-m+fp/hard\libc_nano.a(libc_a-sbrkr.o)
                0x0800844c                _sbrk_r
 .text.memcpy   0x0800846c       0x1c C:/ST/STM32CubeIDE_2.0.0/STM32CubeIDE/plugins/com.st.stm32cube.ide.mcu.externaltools.gnu-tools-for-stm32.13.3.rel1.win32_1.0.100.202509120712/tools/bin/../lib/gcc/arm-none-eabi/13.3.1/../../../../arm-none-eabi/lib/thumb/v7e-m+fp/hard\libc_nano.a(libc_a-memcpy-stub.o)
                0x0800846c                memcpy
 .text.nan      0x08008488       0x10 C:/ST/STM32CubeIDE_2.0.0/STM32CubeIDE/plugins/com.st.stm32cube.ide.mcu.externaltools.gnu-tools-for-stm32.13.3.rel1.win32_1.0.100.202509120712/tools/bin/../lib/gcc/arm-none-eabi/13.3.1/../../../../arm-none-eabi/lib/thumb/v7e-m+fp/hard\libc_nano.a(libm_a-s_nan.o)
                0x08008488                nan
 .text.__assert_func
                0x08008498       0x3c C:/ST/STM32CubeIDE_2.0.0/STM32CubeIDE/plugins/com.st.stm32cube.ide.mcu.externaltools.gnu-tools-for-stm32.13.3.rel1.win32_1.0.100.202509120712/tools/bin/../lib/gcc/arm-none-eabi/13.3.1/../../../../arm-none-eabi/lib/thumb/v7e-m+fp/hard\libc_nano.a(libc_a-assert.o)
                0x08008498                __assert_func
 .text._calloc_r
                0x080084d4       0x28 C:/ST/STM32CubeIDE_2.0.0/STM32CubeIDE/plugins/com.st.stm32cube.ide.mcu.externaltools.gnu-tools-for-stm32.13.3.rel1.win32_1.0.100.202509120712/tools/bin/../lib/gcc/arm-none-eabi/13.3.1/../../../../arm-none-eabi/lib/thumb/v7e-m+fp/hard\libc_nano.a(libc_a-callocr.o)
                0x080084d4                _calloc_r
 .text.rshift   0x080084fc       0xa4 C:/ST/STM32CubeIDE_2.0.0/STM32CubeIDE/plugins/com.st.stm32cube.ide.mcu.externaltools.gnu-tools-for-stm32.13.3.rel1.win32_1.0.100.202509120712/tools/bin/../lib/gcc/arm-none-eabi/13.3.1/../../../../arm-none-eabi/lib/thumb/v7e-m+fp/hard\libc_nano.a(libc_a-gdtoa-gethex.o)
 .text.__hexdig_fun
                0x080085a0       0x2a C:/ST/STM32CubeIDE_2.0.0/STM32CubeIDE/plugins/com.st.stm32cube.ide.mcu.externaltools.gnu-tools-for-stm32.13.3.rel1.win32_1.0.100.202509120712/tools/bin/../lib/gcc/arm-none-eabi/13.3.1/../../../../arm-none-eabi/lib/thumb/v7e-m+fp/hard\libc_nano.a(libc_a-gdtoa-gethex.o)
                0x080085a0                __hexdig_fun
 *fill*         0x080085ca        0x2 
 .text.__gethex
                0x080085cc      0x420 C:/ST/STM32CubeIDE_2.0.0/STM32CubeIDE/plugins/com.st.stm32cube.ide.mcu.externaltools.gnu-tools-for-stm32.13.3.rel1.win32_1.0.100.202509120712/tools/bin/../lib/gcc/arm-none-eabi/13.3.1/../../../../arm-none-eabi/lib/thumb/v7e-m+fp/hard\libc_nano.a(libc_a-gdtoa-gethex.o)
                0x080085cc                __gethex
 .text.L_shift  0x080089ec       0x24 C:/ST/STM32CubeIDE_2.0.0/STM32CubeIDE/plugins/com.st.stm32cube.ide.mcu.externaltools.gnu-tools-for-stm32.13.3.rel1.win32_1.0.100.202509120712/tools/bin/../lib/gcc/arm-none-eabi/13.3.1/../../../../arm-none-eabi/lib/thumb/v7e-m+fp/hard\libc_nano.a(libc_a-gdtoa-hexnan.o)
 .text.__match  0x08008a10       0x28 C:/ST/STM32CubeIDE_2.0.0/STM32CubeIDE/plugins/com.st.stm32cube.ide.mcu.externaltools.gnu-tools-for-stm32.13.3.rel1.win32_1.0.100.202509120712/tools/bin/../lib/gcc/arm-none-eabi/13.3.1/../../../../arm-none-eabi/lib/thumb/v7e-m+fp/hard\libc_nano.a(libc_a-gdtoa-hexnan.o)
                0x08008a10                __match
 .text.__hexnan
                0x08008a38      0x136 C:/ST/STM32CubeIDE_2.0.0/STM32CubeIDE/plugins/com.st.stm32cube.ide.mcu.externaltools.gnu-tools-for-stm32.13.3.rel1.win32_1.0.100.202509120712/tools/bin/../lib/gcc/arm-none-eabi/13.3.1/../../../../arm-none-eabi/lib/thumb/v7e-m+fp/hard\libc_nano.a(libc_a-gdtoa-hexnan.o)
                0x08008a38                __hexnan
 .text.__ascii_mbtowc
                0x08008b6e       0x24 C:/ST/STM32CubeIDE_2.0.0/STM32CubeIDE/plugins/com.st.stm32cube.ide.mcu.externaltools.gnu-tools-for-stm32.13.3.rel1.win32_1.0.100.202509120712/tools/bin/../lib/gcc/arm-none-eabi/13.3.1/../../../../arm-none-eabi/lib/thumb/v7e-m+fp/hard\libc_nano.a(libc_a-mbtowc_r.o)
                0x08008b6e                __ascii_mbtowc
 .text._realloc_r
                0x08008b92       0x5c C:/ST/STM32CubeIDE_2.0.0/STM32CubeIDE/plugins/com.st.stm32cube.ide.mcu.externaltools.gnu-tools-for-stm32.13.3.rel1.win32_1.0.100.202509120712/tools/bin/../lib/gcc/arm-none-eabi/13.3.1/../../../../arm-none-eabi/lib/thumb/v7e-m+fp/hard\libc_nano.a(libc_a-reallocr.o)
                0x08008b92                _realloc_r
 .text.__ascii_wctomb
                0x08008bee       0x1a C:/ST/STM32CubeIDE_2.0.0/STM32CubeIDE/plugins/com.st.stm32cube.ide.mcu.externaltools.gnu-tools-for-stm32.13.3.rel1.win32_1.0.100.202509120712/tools/bin/../lib/gcc/arm-none-eabi/13.3.1/../../../../arm-none-eabi/lib/thumb/v7e-m+fp/hard\libc_nano.a(libc_a-wctomb_r.o)
                0x08008bee                __ascii_wctomb
 .text.fprintf  0x08008c08       0x24 C:/ST/STM32CubeIDE_2.0.0/STM32CubeIDE/plugins/com.st.stm32cube.ide.mcu.externaltools.gnu-tools-for-stm32.13.3.rel1.win32_1.0.100.202509120712/tools/bin/../lib/gcc/arm-none-eabi/13.3.1/../../../../arm-none-eabi/lib/thumb/v7e-m+fp/hard\libc_nano.a(libc_a-fprintf.o)
                0x08008c08                fiprintf
                0x08008c08                fprintf
 .text.abort    0x08008c2c        0xe C:/ST/STM32CubeIDE_2.0.0/STM32CubeIDE/plugins/com.st.stm32cube.ide.mcu.externaltools.gnu-tools-for-stm32.13.3.rel1.win32_1.0.100.202509120712/tools/bin/../lib/gcc/arm-none-eabi/13.3.1/../../../../arm-none-eabi/lib/thumb/v7e-m+fp/hard\libc_nano.a(libc_a-abort.o)
                0x08008c2c                abort
 .text._malloc_usable_size_r
                0x08008c3a       0x10 C:/ST/STM32CubeIDE_2.0.0/STM32CubeIDE/plugins/com.st.stm32cube.ide.mcu.externaltools.gnu-tools-for-stm32.13.3.rel1.win32_1.0.100.202509120712/tools/bin/../lib/gcc/arm-none-eabi/13.3.1/../../../../arm-none-eabi/lib/thumb/v7e-m+fp/hard\libc_nano.a(libc_a-msizer.o)
                0x08008c3a                _malloc_usable_size_r
 .text.__sfputc_r
                0x08008c4a       0x2e C:/ST/STM32CubeIDE_2.0.0/STM32CubeIDE/plugins/com.st.stm32cube.ide.mcu.externaltools.gnu-tools-for-stm32.13.3.rel1.win32_1.0.100.202509120712/tools/bin/../lib/gcc/arm-none-eabi/13.3.1/../../../../arm-none-eabi/lib/thumb/v7e-m+fp/hard\libc_nano.a(libc_a-nano-vfprintf.o)
 .text.__sfputs_r
                0x08008c78       0x24 C:/ST/STM32CubeIDE_2.0.0/STM32CubeIDE/plugins/com.st.stm32cube.ide.mcu.externaltools.gnu-tools-for-stm32.13.3.rel1.win32_1.0.100.202509120712/tools/bin/../lib/gcc/arm-none-eabi/13.3.1/../../../../arm-none-eabi/lib/thumb/v7e-m+fp/hard\libc_nano.a(libc_a-nano-vfprintf.o)
                0x08008c78                __sfputs_r
 .text._vfprintf_r
                0x08008c9c      0x230 C:/ST/STM32CubeIDE_2.0.0/STM32CubeIDE/plugins/com.st.stm32cube.ide.mcu.externaltools.gnu-tools-for-stm32.13.3.rel1.win32_1.0.100.202509120712/tools/bin/../lib/gcc/arm-none-eabi/13.3.1/../../../../arm-none-eabi/lib/thumb/v7e-m+fp/hard\libc_nano.a(libc_a-nano-vfprintf.o)
                0x08008c9c                _vfprintf_r
                0x08008c9c                _vfiprintf_r
 .text.__swbuf_r
                0x08008ecc       0x7c C:/ST/STM32CubeIDE_2.0.0/STM32CubeIDE/plugins/com.st.stm32cube.ide.mcu.externaltools.gnu-tools-for-stm32.13.3.rel1.win32_1.0.100.202509120712/tools/bin/../lib/gcc/arm-none-eabi/13.3.1/../../../../arm-none-eabi/lib/thumb/v7e-m+fp/hard\libc_nano.a(libc_a-wbuf.o)
                0x08008ecc                __swbuf_r
 .text.__swsetup_r
                0x08008f48       0xac C:/ST/STM32CubeIDE_2.0.0/STM32CubeIDE/plugins/com.st.stm32cube.ide.mcu.externaltools.gnu-tools-for-stm32.13.3.rel1.win32_1.0.100.202509120712/tools/bin/../lib/gcc/arm-none-eabi/13.3.1/../../../../arm-none-eabi/lib/thumb/v7e-m+fp/hard\libc_nano.a(libc_a-wsetup.o)
                0x08008f48                __swsetup_r
 .text._raise_r
                0x08008ff4       0x50 C:/ST/STM32CubeIDE_2.0.0/STM32CubeIDE/plugins/com.st.stm32cube.ide.mcu.externaltools.gnu-tools-for-stm32.13.3.rel1.win32_1.0.100.202509120712/tools/bin/../lib/gcc/arm-none-eabi/13.3.1/../../../../arm-none-eabi/lib/thumb/v7e-m+fp/hard\libc_nano.a(libc_a-signal.o)
                0x08008ff4                _raise_r
 .text.raise    0x08009044       0x10 C:/ST/STM32CubeIDE_2.0.0/STM32CubeIDE/plugins/com.st.stm32cube.ide.mcu.externaltools.gnu-tools-for-stm32.13.3.rel1.win32_1.0.100.202509120712/tools/bin/../lib/gcc/arm-none-eabi/13.3.1/../../../../arm-none-eabi/lib/thumb/v7e-m+fp/hard\libc_nano.a(libc_a-signal.o)
                0x08009044                raise
 .text._kill_r  0x08009054       0x24 C:/ST/STM32CubeIDE_2.0.0/STM32CubeIDE/plugins/com.st.stm32cube.ide.mcu.externaltools.gnu-tools-for-stm32.13.3.rel1.win32_1.0.100.202509120712/tools/bin/../lib/gcc/arm-none-eabi/13.3.1/../../../../arm-none-eabi/lib/thumb/v7e-m+fp/hard\libc_nano.a(libc_a-signalr.o)
                0x08009054                _kill_r
 .text._getpid_r
                0x08009078        0x4 C:/ST/STM32CubeIDE_2.0.0/STM32CubeIDE/plugins/com.st.stm32cube.ide.mcu.externaltools.gnu-tools-for-stm32.13.3.rel1.win32_1.0.100.202509120712/tools/bin/../lib/gcc/arm-none-eabi/13.3.1/../../../../arm-none-eabi/lib/thumb/v7e-m+fp/hard\libc_nano.a(libc_a-signalr.o)
                0x08009078                _getpid_r
 .text.__swhatbuf_r
                0x0800907c       0x4c C:/ST/STM32CubeIDE_2.0.0/STM32CubeIDE/plugins/com.st.stm32cube.ide.mcu.externaltools.gnu-tools-for-stm32.13.3.rel1.win32_1.0.100.202509120712/tools/bin/../lib/gcc/arm-none-eabi/13.3.1/../../../../arm-none-eabi/lib/thumb/v7e-m+fp/hard\libc_nano.a(libc_a-makebuf.o)
                0x0800907c                __swhatbuf_r
 .text.__smakebuf_r
                0x080090c8       0x78 C:/ST/STM32CubeIDE_2.0.0/STM32CubeIDE/plugins/com.st.stm32cube.ide.mcu.externaltools.gnu-tools-for-stm32.13.3.rel1.win32_1.0.100.202509120712/tools/bin/../lib/gcc/arm-none-eabi/13.3.1/../../../../arm-none-eabi/lib/thumb/v7e-m+fp/hard\libc_nano.a(libc_a-makebuf.o)
                0x080090c8                __smakebuf_r
 .text._fstat_r
                0x08009140       0x24 C:/ST/STM32CubeIDE_2.0.0/STM32CubeIDE/plugins/com.st.stm32cube.ide.mcu.externaltools.gnu-tools-for-stm32.13.3.rel1.win32_1.0.100.202509120712/tools/bin/../lib/gcc/arm-none-eabi/13.3.1/../../../../arm-none-eabi/lib/thumb/v7e-m+fp/hard\libc_nano.a(libc_a-fstatr.o)
                0x08009140                _fstat_r
 .text._isatty_r
                0x08009164       0x20 C:/ST/STM32CubeIDE_2.0.0/STM32CubeIDE/plugins/com.st.stm32cube.ide.mcu.externaltools.gnu-tools-for-stm32.13.3.rel1.win32_1.0.100.202509120712/tools/bin/../lib/gcc/arm-none-eabi/13.3.1/../../../../arm-none-eabi/lib/thumb/v7e-m+fp/hard\libc_nano.a(libc_a-isattyr.o)
                0x08009164                _isatty_r
 *(.glue_7)
 .glue_7        0x08009184        0x0 linker stubs
 *(.glue_7t)
 .glue_7t       0x08009184        0x0 linker stubs
 *(.eh_frame)
 .eh_frame      0x08009184        0x0 C:/ST/STM32CubeIDE_2.0.0/STM32CubeIDE/plugins/com.st.stm32cube.ide.mcu.externaltools.gnu-tools-for-stm32.13.3.rel1.win32_1.0.100.202509120712/tools/bin/../lib/gcc/arm-none-eabi/13.3.1/thumb/v7e-m+fp/hard/crtbegin.o
 *(.init)
 .init          0x08009184        0x4 C:/ST/STM32CubeIDE_2.0.0/STM32CubeIDE/plugins/com.st.stm32cube.ide.mcu.externaltools.gnu-tools-for-stm32.13.3.rel1.win32_1.0.100.202509120712/tools/bin/../lib/gcc/arm-none-eabi/13.3.1/thumb/v7e-m+fp/hard/crti.o
                0x08009184                _init
 .init          0x08009188        0x8 C:/ST/STM32CubeIDE_2.0.0/STM32CubeIDE/plugins/com.st.stm32cube.ide.mcu.externaltools.gnu-tools-for-stm32.13.3.rel1.win32_1.0.100.202509120712/tools/bin/../lib/gcc/arm-none-eabi/13.3.1/thumb/v7e-m+fp/hard/crtn.o
 *(.fini)
 .fini          0x08009190        0x4 C:/ST/STM32CubeIDE_2.0.0/STM32CubeIDE/plugins/com.st.stm32cube.ide.mcu.externaltools.gnu-tools-for-stm32.13.3.rel1.win32_1.0.100.202509120712/tools/bin/../lib/gcc/arm-none-eabi/13.3.1/thumb/v7e-m+fp/hard/crti.o
                0x08009190                _fini
 .fini          0x08009194        0x8 C:/ST/STM32CubeIDE_2.0.0/STM32CubeIDE/plugins/com.st.stm32cube.ide.mcu.externaltools.gnu-tools-for-stm32.13.3.rel1.win32_1.0.100.202509120712/tools/bin/../lib/gcc/arm-none-eabi/13.3.1/thumb/v7e-m+fp/hard/crtn.o
                0x0800919c                        . = ALIGN (0x4)
                0x0800919c                        _etext = .

.vfp11_veneer   0x0800919c        0x0
 .vfp11_veneer  0x0800919c        0x0 linker stubs

.v4_bx          0x0800919c        0x0
 .v4_bx         0x0800919c        0x0 linker stubs

.iplt           0x0800919c        0x0
 .iplt          0x0800919c        0x0 C:/ST/STM32CubeIDE_2.0.0/STM32CubeIDE/plugins/com.st.stm32cube.ide.mcu.externaltools.gnu-tools-for-stm32.13.3.rel1.win32_1.0.100.202509120712/tools/bin/../lib/gcc/arm-none-eabi/13.3.1/thumb/v7e-m+fp/hard/crtbegin.o

.rodata         0x080091a0     0x14dc
                0x080091a0                        . = ALIGN (0x4)
 *(.rodata)
 .rodata        0x080091a0        0xf ./SDK_1.0.3_NUCLEO-F401RE/shared/Middle/ucglib/ucg_font.o
 *fill*         0x080091af        0x1 
 .rodata        0x080091b0       0x2d ./Src/main.o
 *(.rodata*)
 *fill*         0x080091dd        0x3 
 .rodata.AHBPrescTable
                0x080091e0       0x10 ./SDK_1.0.3_NUCLEO-F401RE/shared/Drivers/CMSIS/Source/system_stm32f4xx.o
                0x080091e0                AHBPrescTable
 .rodata.APBAHBPrescTable
                0x080091f0       0x10 ./SDK_1.0.3_NUCLEO-F401RE/shared/Drivers/STM32F401RE_StdPeriph_Driver/src/stm32f401re_rcc.o
 .rodata.ucg_st7735_set_pos_seq
                0x08009200       0x1e ./SDK_1.0.3_NUCLEO-F401RE/shared/Middle/ucglib/ucg_dev_ic_st7735.o
                0x08009200                ucg_st7735_set_pos_seq
 *fill*         0x0800921e        0x2 
 .rodata.ucg_st7735_set_pos_dir0_seq
                0x08009220       0x1e ./SDK_1.0.3_NUCLEO-F401RE/shared/Middle/ucglib/ucg_dev_ic_st7735.o
                0x08009220                ucg_st7735_set_pos_dir0_seq
 *fill*         0x0800923e        0x2 
 .rodata.ucg_st7735_set_pos_dir1_seq
                0x08009240       0x21 ./SDK_1.0.3_NUCLEO-F401RE/shared/Middle/ucglib/ucg_dev_ic_st7735.o
                0x08009240                ucg_st7735_set_pos_dir1_seq
 *fill*         0x08009261        0x3 
 .rodata.ucg_st7735_set_pos_dir2_seq
                0x08009264       0x21 ./SDK_1.0.3_NUCLEO-F401RE/shared/Middle/ucglib/ucg_dev_ic_st7735.o
                0x08009264                ucg_st7735_set_pos_dir2_seq
 *fill*         0x08009285        0x3 
 .rodata.ucg_st7735_set_pos_dir3_seq
                0x08009288       0x24 ./SDK_1.0.3_NUCLEO-F401RE/shared/Middle/ucglib/ucg_dev_ic_st7735.o
                0x08009288                ucg_st7735_set_pos_dir3_seq
 .rodata.ucg_st7735_power_down_seq
                0x080092ac        0x7 ./SDK_1.0.3_NUCLEO-F401RE/shared/Middle/ucglib/ucg_dev_ic_st7735.o
 *fill*         0x080092b3        0x1 
 .rodata.ucg_tft_128x160_st7735_init_seq
                0x080092b4       0x2c ./SDK_1.0.3_NUCLEO-F401RE/shared/Middle/ucglib/ucg_dev_tft_128x128_st7735.o
 .rodata.ucg_font_ncenR10_hf
                0x080092e0      0xf75 ./SDK_1.0.3_NUCLEO-F401RE/shared/Middle/ucglib/ucg_pixel_font_data.o
                0x080092e0                ucg_font_ncenR10_hf
 .rodata._printf_float.str1.1
                0x0800a255      0x1d6 C:/ST/STM32CubeIDE_2.0.0/STM32CubeIDE/plugins/com.st.stm32cube.ide.mcu.externaltools.gnu-tools-for-stm32.13.3.rel1.win32_1.0.100.202509120712/tools/bin/../lib/gcc/arm-none-eabi/13.3.1/../../../../arm-none-eabi/lib/thumb/v7e-m+fp/hard\libc_nano.a(libc_a-nano-vfprintf_float.o)
                                 0x12 (size before relaxing)
 .rodata._printf_i.str1.1
                0x0800a42b        0x0 C:/ST/STM32CubeIDE_2.0.0/STM32CubeIDE/plugins/com.st.stm32cube.ide.mcu.externaltools.gnu-tools-for-stm32.13.3.rel1.win32_1.0.100.202509120712/tools/bin/../lib/gcc/arm-none-eabi/13.3.1/../../../../arm-none-eabi/lib/thumb/v7e-m+fp/hard\libc_nano.a(libc_a-nano-vfprintf_i.o)
                                 0x22 (size before relaxing)
 .rodata._scanf_float.str1.1
                0x0800a42b        0x0 C:/ST/STM32CubeIDE_2.0.0/STM32CubeIDE/plugins/com.st.stm32cube.ide.mcu.externaltools.gnu-tools-for-stm32.13.3.rel1.win32_1.0.100.202509120712/tools/bin/../lib/gcc/arm-none-eabi/13.3.1/../../../../arm-none-eabi/lib/thumb/v7e-m+fp/hard\libc_nano.a(libc_a-nano-vfscanf_float.o)
                                  0x6 (size before relaxing)
 .rodata._dtoa_r.str1.1
                0x0800a42b        0x0 C:/ST/STM32CubeIDE_2.0.0/STM32CubeIDE/plugins/com.st.stm32cube.ide.mcu.externaltools.gnu-tools-for-stm32.13.3.rel1.win32_1.0.100.202509120712/tools/bin/../lib/gcc/arm-none-eabi/13.3.1/../../../../arm-none-eabi/lib/thumb/v7e-m+fp/hard\libc_nano.a(libc_a-dtoa.o)
                                 0x8f (size before relaxing)
 .rodata._Balloc.str1.1
                0x0800a42b        0x0 C:/ST/STM32CubeIDE_2.0.0/STM32CubeIDE/plugins/com.st.stm32cube.ide.mcu.externaltools.gnu-tools-for-stm32.13.3.rel1.win32_1.0.100.202509120712/tools/bin/../lib/gcc/arm-none-eabi/13.3.1/../../../../arm-none-eabi/lib/thumb/v7e-m+fp/hard\libc_nano.a(libc_a-mprec.o)
                                 0x70 (size before relaxing)
 .rodata.__multadd.str1.1
                0x0800a42b        0x0 C:/ST/STM32CubeIDE_2.0.0/STM32CubeIDE/plugins/com.st.stm32cube.ide.mcu.externaltools.gnu-tools-for-stm32.13.3.rel1.win32_1.0.100.202509120712/tools/bin/../lib/gcc/arm-none-eabi/13.3.1/../../../../arm-none-eabi/lib/thumb/v7e-m+fp/hard\libc_nano.a(libc_a-mprec.o)
                                 0x11 (size before relaxing)
 *fill*         0x0800a42b        0x1 
 .rodata.p05.0  0x0800a42c        0xc C:/ST/STM32CubeIDE_2.0.0/STM32CubeIDE/plugins/com.st.stm32cube.ide.mcu.externaltools.gnu-tools-for-stm32.13.3.rel1.win32_1.0.100.202509120712/tools/bin/../lib/gcc/arm-none-eabi/13.3.1/../../../../arm-none-eabi/lib/thumb/v7e-m+fp/hard\libc_nano.a(libc_a-mprec.o)
 .rodata.__mprec_bigtens
                0x0800a438       0x28 C:/ST/STM32CubeIDE_2.0.0/STM32CubeIDE/plugins/com.st.stm32cube.ide.mcu.externaltools.gnu-tools-for-stm32.13.3.rel1.win32_1.0.100.202509120712/tools/bin/../lib/gcc/arm-none-eabi/13.3.1/../../../../arm-none-eabi/lib/thumb/v7e-m+fp/hard\libc_nano.a(libc_a-mprec.o)
                0x0800a438                __mprec_bigtens
 .rodata.__mprec_tens
                0x0800a460       0xc8 C:/ST/STM32CubeIDE_2.0.0/STM32CubeIDE/plugins/com.st.stm32cube.ide.mcu.externaltools.gnu-tools-for-stm32.13.3.rel1.win32_1.0.100.202509120712/tools/bin/../lib/gcc/arm-none-eabi/13.3.1/../../../../arm-none-eabi/lib/thumb/v7e-m+fp/hard\libc_nano.a(libc_a-mprec.o)
                0x0800a460                __mprec_tens
 .rodata._strtod_l.str1.1
                0x0800a528        0x0 C:/ST/STM32CubeIDE_2.0.0/STM32CubeIDE/plugins/com.st.stm32cube.ide.mcu.externaltools.gnu-tools-for-stm32.13.3.rel1.win32_1.0.100.202509120712/tools/bin/../lib/gcc/arm-none-eabi/13.3.1/../../../../arm-none-eabi/lib/thumb/v7e-m+fp/hard\libc_nano.a(libc_a-strtod.o)
                                  0xf (size before relaxing)
 .rodata.fpinan.0
                0x0800a528       0x14 C:/ST/STM32CubeIDE_2.0.0/STM32CubeIDE/plugins/com.st.stm32cube.ide.mcu.externaltools.gnu-tools-for-stm32.13.3.rel1.win32_1.0.100.202509120712/tools/bin/../lib/gcc/arm-none-eabi/13.3.1/../../../../arm-none-eabi/lib/thumb/v7e-m+fp/hard\libc_nano.a(libc_a-strtod.o)
 .rodata.fpi.1  0x0800a53c       0x14 C:/ST/STM32CubeIDE_2.0.0/STM32CubeIDE/plugins/com.st.stm32cube.ide.mcu.externaltools.gnu-tools-for-stm32.13.3.rel1.win32_1.0.100.202509120712/tools/bin/../lib/gcc/arm-none-eabi/13.3.1/../../../../arm-none-eabi/lib/thumb/v7e-m+fp/hard\libc_nano.a(libc_a-strtod.o)
 .rodata.tinytens
                0x0800a550       0x28 C:/ST/STM32CubeIDE_2.0.0/STM32CubeIDE/plugins/com.st.stm32cube.ide.mcu.externaltools.gnu-tools-for-stm32.13.3.rel1.win32_1.0.100.202509120712/tools/bin/../lib/gcc/arm-none-eabi/13.3.1/../../../../arm-none-eabi/lib/thumb/v7e-m+fp/hard\libc_nano.a(libc_a-strtod.o)
 .rodata._ctype_
                0x0800a578      0x101 C:/ST/STM32CubeIDE_2.0.0/STM32CubeIDE/plugins/com.st.stm32cube.ide.mcu.externaltools.gnu-tools-for-stm32.13.3.rel1.win32_1.0.100.202509120712/tools/bin/../lib/gcc/arm-none-eabi/13.3.1/../../../../arm-none-eabi/lib/thumb/v7e-m+fp/hard\libc_nano.a(libc_a-ctype_.o)
                0x0800a578                _ctype_
 .rodata._svfprintf_r.str1.1
                0x0800a679        0x0 C:/ST/STM32CubeIDE_2.0.0/STM32CubeIDE/plugins/com.st.stm32cube.ide.mcu.externaltools.gnu-tools-for-stm32.13.3.rel1.win32_1.0.100.202509120712/tools/bin/../lib/gcc/arm-none-eabi/13.3.1/../../../../arm-none-eabi/lib/thumb/v7e-m+fp/hard\libc_nano.a(libc_a-nano-svfprintf.o)
                                 0x11 (size before relaxing)
 .rodata._setlocale_r.str1.1
                0x0800a679        0x0 C:/ST/STM32CubeIDE_2.0.0/STM32CubeIDE/plugins/com.st.stm32cube.ide.mcu.externaltools.gnu-tools-for-stm32.13.3.rel1.win32_1.0.100.202509120712/tools/bin/../lib/gcc/arm-none-eabi/13.3.1/../../../../arm-none-eabi/lib/thumb/v7e-m+fp/hard\libc_nano.a(libc_a-locale.o)
                                  0x9 (size before relaxing)
 .rodata.str1.1
                0x0800a679        0x0 C:/ST/STM32CubeIDE_2.0.0/STM32CubeIDE/plugins/com.st.stm32cube.ide.mcu.externaltools.gnu-tools-for-stm32.13.3.rel1.win32_1.0.100.202509120712/tools/bin/../lib/gcc/arm-none-eabi/13.3.1/../../../../arm-none-eabi/lib/thumb/v7e-m+fp/hard\libc_nano.a(libc_a-locale.o)
                                  0x2 (size before relaxing)
 .rodata.__assert_func.str1.1
                0x0800a679        0x0 C:/ST/STM32CubeIDE_2.0.0/STM32CubeIDE/plugins/com.st.stm32cube.ide.mcu.externaltools.gnu-tools-for-stm32.13.3.rel1.win32_1.0.100.202509120712/tools/bin/../lib/gcc/arm-none-eabi/13.3.1/../../../../arm-none-eabi/lib/thumb/v7e-m+fp/hard\libc_nano.a(libc_a-assert.o)
                                 0x3d (size before relaxing)
 .rodata.__gethex.str1.1
                0x0800a679        0x0 C:/ST/STM32CubeIDE_2.0.0/STM32CubeIDE/plugins/com.st.stm32cube.ide.mcu.externaltools.gnu-tools-for-stm32.13.3.rel1.win32_1.0.100.202509120712/tools/bin/../lib/gcc/arm-none-eabi/13.3.1/../../../../arm-none-eabi/lib/thumb/v7e-m+fp/hard\libc_nano.a(libc_a-gdtoa-gethex.o)
                                 0x73 (size before relaxing)
 .rodata._vfprintf_r.str1.1
                0x0800a679        0x0 C:/ST/STM32CubeIDE_2.0.0/STM32CubeIDE/plugins/com.st.stm32cube.ide.mcu.externaltools.gnu-tools-for-stm32.13.3.rel1.win32_1.0.100.202509120712/tools/bin/../lib/gcc/arm-none-eabi/13.3.1/../../../../arm-none-eabi/lib/thumb/v7e-m+fp/hard\libc_nano.a(libc_a-nano-vfprintf.o)
                                 0x11 (size before relaxing)
                0x0800a67c                        . = ALIGN (0x4)
 *fill*         0x0800a679        0x3 

.ARM.extab      0x0800a67c        0x0
                0x0800a67c                        . = ALIGN (0x4)
 *(.ARM.extab* .gnu.linkonce.armextab.*)
                0x0800a67c                        . = ALIGN (0x4)

.ARM            0x0800a67c        0x8
                0x0800a67c                        . = ALIGN (0x4)
                0x0800a67c                        __exidx_start = .
 *(.ARM.exidx*)
 .ARM.exidx     0x0800a67c        0x8 C:/ST/STM32CubeIDE_2.0.0/STM32CubeIDE/plugins/com.st.stm32cube.ide.mcu.externaltools.gnu-tools-for-stm32.13.3.rel1.win32_1.0.100.202509120712/tools/bin/../lib/gcc/arm-none-eabi/13.3.1/../../../../arm-none-eabi/lib/thumb/v7e-m+fp/hard\libc_nano.a(libc_a-memchr.o)
 .ARM.exidx     0x0800a684        0x0 C:/ST/STM32CubeIDE_2.0.0/STM32CubeIDE/plugins/com.st.stm32cube.ide.mcu.externaltools.gnu-tools-for-stm32.13.3.rel1.win32_1.0.100.202509120712/tools/bin/../lib/gcc/arm-none-eabi/13.3.1/../../../../arm-none-eabi/lib/thumb/v7e-m+fp/hard\libc_nano.a(libc_a-strlen.o)
                                  0x8 (size before relaxing)
                0x0800a684                        __exidx_end = .
                0x0800a684                        . = ALIGN (0x4)

.preinit_array  0x0800a684        0x0
                0x0800a684                        . = ALIGN (0x4)
                0x0800a684                        PROVIDE (__preinit_array_start = .)
 *(.preinit_array*)
                0x0800a684                        PROVIDE (__preinit_array_end = .)
                0x0800a684                        . = ALIGN (0x4)

.init_array     0x0800a684        0x4
                0x0800a684                        . = ALIGN (0x4)
                0x0800a684                        PROVIDE (__init_array_start = .)
 *(SORT_BY_NAME(.init_array.*))
 *(.init_array*)
 .init_array    0x0800a684        0x4 C:/ST/STM32CubeIDE_2.0.0/STM32CubeIDE/plugins/com.st.stm32cube.ide.mcu.externaltools.gnu-tools-for-stm32.13.3.rel1.win32_1.0.100.202509120712/tools/bin/../lib/gcc/arm-none-eabi/13.3.1/thumb/v7e-m+fp/hard/crtbegin.o
                0x0800a688                        PROVIDE (__init_array_end = .)
                0x0800a688                        . = ALIGN (0x4)

.fini_array     0x0800a688        0x4
                0x0800a688                        . = ALIGN (0x4)
                [!provide]                        PROVIDE (__fini_array_start = .)
 *(SORT_BY_NAME(.fini_array.*))
 *(.fini_array*)
 .fini_array    0x0800a688        0x4 C:/ST/STM32CubeIDE_2.0.0/STM32CubeIDE/plugins/com.st.stm32cube.ide.mcu.externaltools.gnu-tools-for-stm32.13.3.rel1.win32_1.0.100.202509120712/tools/bin/../lib/gcc/arm-none-eabi/13.3.1/thumb/v7e-m+fp/hard/crtbegin.o
                [!provide]                        PROVIDE (__fini_array_end = .)
                0x0800a68c                        . = ALIGN (0x4)
                0x0800a68c                        _sidata = LOADADDR (.data)

.rel.dyn        0x0800a68c        0x0
 .rel.iplt      0x0800a68c        0x0 C:/ST/STM32CubeIDE_2.0.0/STM32CubeIDE/plugins/com.st.stm32cube.ide.mcu.externaltools.gnu-tools-for-stm32.13.3.rel1.win32_1.0.100.202509120712/tools/bin/../lib/gcc/arm-none-eabi/13.3.1/thumb/v7e-m+fp/hard/crtbegin.o

.data           0x20000000      0x1d0 load address 0x0800a68c
                0x20000000                        . = ALIGN (0x4)
                0x20000000                        _sdata = .
 *(.data)
 *(.data*)
 .data.SystemCoreClock
                0x20000000        0x4 ./SDK_1.0.3_NUCLEO-F401RE/shared/Drivers/CMSIS/Source/system_stm32f4xx.o
                0x20000000                SystemCoreClock
 .data.idTaskScanDecodeLen
                0x20000004        0x1 ./SDK_1.0.3_NUCLEO-F401RE/shared/Middle/ucglib/ucg_font.o
 *fill*         0x20000005        0x3 
 .data.__sglue  0x20000008        0xc C:/ST/STM32CubeIDE_2.0.0/STM32CubeIDE/plugins/com.st.stm32cube.ide.mcu.externaltools.gnu-tools-for-stm32.13.3.rel1.win32_1.0.100.202509120712/tools/bin/../lib/gcc/arm-none-eabi/13.3.1/../../../../arm-none-eabi/lib/thumb/v7e-m+fp/hard\libc_nano.a(libc_a-findfp.o)
                0x20000008                __sglue
 .data._impure_ptr
                0x20000014        0x4 C:/ST/STM32CubeIDE_2.0.0/STM32CubeIDE/plugins/com.st.stm32cube.ide.mcu.externaltools.gnu-tools-for-stm32.13.3.rel1.win32_1.0.100.202509120712/tools/bin/../lib/gcc/arm-none-eabi/13.3.1/../../../../arm-none-eabi/lib/thumb/v7e-m+fp/hard\libc_nano.a(libc_a-impure.o)
                0x20000014                _impure_ptr
 .data._impure_data
                0x20000018       0x4c C:/ST/STM32CubeIDE_2.0.0/STM32CubeIDE/plugins/com.st.stm32cube.ide.mcu.externaltools.gnu-tools-for-stm32.13.3.rel1.win32_1.0.100.202509120712/tools/bin/../lib/gcc/arm-none-eabi/13.3.1/../../../../arm-none-eabi/lib/thumb/v7e-m+fp/hard\libc_nano.a(libc_a-impure.o)
                0x20000018                _impure_data
 .data.__global_locale
                0x20000064      0x16c C:/ST/STM32CubeIDE_2.0.0/STM32CubeIDE/plugins/com.st.stm32cube.ide.mcu.externaltools.gnu-tools-for-stm32.13.3.rel1.win32_1.0.100.202509120712/tools/bin/../lib/gcc/arm-none-eabi/13.3.1/../../../../arm-none-eabi/lib/thumb/v7e-m+fp/hard\libc_nano.a(libc_a-locale.o)
                0x20000064                __global_locale
 *(.RamFunc)
 *(.RamFunc*)
                0x200001d0                        . = ALIGN (0x4)
                0x200001d0                        _edata = .

.igot.plt       0x200001d0        0x0 load address 0x0800a85c
 .igot.plt      0x200001d0        0x0 C:/ST/STM32CubeIDE_2.0.0/STM32CubeIDE/plugins/com.st.stm32cube.ide.mcu.externaltools.gnu-tools-for-stm32.13.3.rel1.win32_1.0.100.202509120712/tools/bin/../lib/gcc/arm-none-eabi/13.3.1/thumb/v7e-m+fp/hard/crtbegin.o
                0x200001d0                        . = ALIGN (0x4)

.bss            0x200001d0     0x1444 load address 0x0800a85c
                0x200001d0                        _sbss = .
                0x200001d0                        __bss_start__ = _sbss
 *(.bss)